Archive member included because of file (symbol)

/usr/local/bin/../lib/gcc/msp430/4.7.2/mmpy-16/libgcc.a(_mulsi3.o)
                              build/sky/obj/cfs-coffee.o (__mulsi3)
/usr/local/bin/../lib/gcc/msp430/4.7.2/mmpy-16/libgcc.a(_udivmod16.o)
                              build/sky/obj/cfs-coffee.o (__udivhi3)
/usr/local/bin/../lib/gcc/msp430/4.7.2/mmpy-16/libgcc.a(_divmod16.o)
                              build/sky/obj/link-stats.o (__divhi3)
/usr/local/bin/../lib/gcc/msp430/4.7.2/mmpy-16/libgcc.a(_udivmod32.o)
                              build/sky/obj/ifft.o (__udivsi3)
/usr/local/bin/../lib/gcc/msp430/4.7.2/mmpy-16/libgcc.a(_divmod32.o)
                              build/sky/obj/cfs-coffee.o (__divsi3)
/usr/local/bin/../lib/gcc/msp430/4.7.2/../../../../msp430/lib/mmpy-16/libc.a(malloc.o)
                              build/sky/obj/main.o (malloc)
/usr/local/bin/../lib/gcc/msp430/4.7.2/../../../../msp430/lib/mmpy-16/libc.a(printf.o)
                              build/sky/obj/assert.o (printf)
/usr/local/bin/../lib/gcc/msp430/4.7.2/../../../../msp430/lib/mmpy-16/libc.a(vuprintf.o)
                              /usr/local/bin/../lib/gcc/msp430/4.7.2/../../../../msp430/lib/mmpy-16/libc.a(printf.o) (vuprintf)
/usr/local/bin/../lib/gcc/msp430/4.7.2/../../../../msp430/lib/mmpy-16/libc.a(puts.o)
                              build/sky/obj/assert.o (puts)
/usr/local/bin/../lib/gcc/msp430/4.7.2/../../../../msp430/lib/mmpy-16/libc.a(rand.o)
                              build/sky/obj/random.o (rand)
/usr/local/bin/../lib/gcc/msp430/4.7.2/../../../../msp430/lib/mmpy-16/libc.a(strcmp.o)
                              build/sky/obj/cfs-coffee.o (strcmp)
/usr/local/bin/../lib/gcc/msp430/4.7.2/../../../../msp430/lib/mmpy-16/libc.a(strncmp.o)
                              build/sky/obj/sensors.o (strncmp)
/usr/local/bin/../lib/gcc/msp430/4.7.2/../../../../msp430/lib/mmpy-16/libc.a(memcmp.o)
                              build/sky/obj/linkaddr.o (memcmp)
/usr/local/bin/../lib/gcc/msp430/4.7.2/../../../../msp430/lib/mmpy-16/libc.a(strncpy.o)
                              build/sky/obj/cfs-coffee.o (strncpy)
/usr/local/bin/../lib/gcc/msp430/4.7.2/../../../../msp430/lib/mmpy-16/libc.a(memcpy.o)
                              build/sky/obj/aes-128.o (memcpy)
/usr/local/bin/../lib/gcc/msp430/4.7.2/../../../../msp430/lib/mmpy-16/libc.a(memset.o)
                              build/sky/obj/cfs-coffee.o (memset)
/usr/local/bin/../lib/gcc/msp430/4.7.2/mmpy-16/libgcc.a(_udivmod64.o)
                              /usr/local/bin/../lib/gcc/msp430/4.7.2/../../../../msp430/lib/mmpy-16/libc.a(vuprintf.o) (__udivdi3)
/usr/local/bin/../lib/gcc/msp430/4.7.2/mmpy-16/libcrt0.a(_reset_vector__.o)
                              (_reset_vector__)
/usr/local/bin/../lib/gcc/msp430/4.7.2/mmpy-16/libcrt0.a(__watchdog_support.o)
                              /usr/local/bin/../lib/gcc/msp430/4.7.2/mmpy-16/libcrt0.a(_reset_vector__.o) (__watchdog_support)
/usr/local/bin/../lib/gcc/msp430/4.7.2/mmpy-16/libcrt0.a(__init_stack.o)
                              /usr/local/bin/../lib/gcc/msp430/4.7.2/mmpy-16/libcrt0.a(_reset_vector__.o) (__init_stack)
/usr/local/bin/../lib/gcc/msp430/4.7.2/mmpy-16/libcrt0.a(__low_level_init.o)
                              /usr/local/bin/../lib/gcc/msp430/4.7.2/mmpy-16/libcrt0.a(_reset_vector__.o) (__low_level_init)
/usr/local/bin/../lib/gcc/msp430/4.7.2/mmpy-16/libcrt0.a(_copy_data.o)
                              /usr/local/bin/../lib/gcc/msp430/4.7.2/mmpy-16/libcrt0.a(_reset_vector__.o) (__do_copy_data)
/usr/local/bin/../lib/gcc/msp430/4.7.2/mmpy-16/libcrt0.a(_clear_bss.o)
                              /usr/local/bin/../lib/gcc/msp430/4.7.2/mmpy-16/libcrt0.a(_reset_vector__.o) (__do_clear_bss)
/usr/local/bin/../lib/gcc/msp430/4.7.2/mmpy-16/libcrt0.a(__stop_progExec__.o)
                              /usr/local/bin/../lib/gcc/msp430/4.7.2/mmpy-16/libcrt0.a(_reset_vector__.o) (__stop_progExec__)
/usr/local/bin/../lib/gcc/msp430/4.7.2/mmpy-16/libcrt0.a(_endless_loop__.o)
                              /usr/local/bin/../lib/gcc/msp430/4.7.2/mmpy-16/libcrt0.a(_reset_vector__.o) (_endless_loop__)
/usr/local/bin/../lib/gcc/msp430/4.7.2/mmpy-16/libcrt0.a(_unexpected_.o)
                              /usr/local/bin/../lib/gcc/msp430/4.7.2/mmpy-16/crt0ivtbl16.o (_unexpected_)

Allocating common symbols
Common symbol       size              file

compower_idle_activity
                    0x10              build/sky/obj/compower.o
nullnet_buf         0x2               build/sky/obj/nullnet.o
cc2420_last_rssi    0x1               build/sky/obj/cc2420.o
cc2420_sfd_start_time
                    0x2               build/sky/obj/cc2420.o
exp_done            0x1               build/sky/obj/main.o
button_hal_release_event
                    0x1               build/sky/obj/button-hal.o
packetbuf_addrs     0x10              build/sky/obj/packetbuf.o
button_hal_periodic_event
[...]
Memory Configuration

Name             Origin             Length             Attributes
sfr              0x00000000         0x00000010
peripheral_8bit  0x00000010         0x000000f0
peripheral_16bit 0x00000100         0x00000100
ram_mirror       0x00000200         0x00000800         xw
infomem          0x00001000         0x00000100
infob            0x00001000         0x00000080
infoa            0x00001080         0x00000080
ram              0x00001100         0x00002800         xw
rom              0x00004000         0x0000bfe0         xr
vectors          0x0000ffe0         0x00000020
bsl              0x00000000         0x00000000
infoc            0x00000000         0x00000000
infod            0x00000000         0x00000000
ram2             0x00000000         0x00000000         xw
usbram           0x00000000         0x00000000         xw
far_rom          0x00000000         0x00000000
*default*        0x00000000         0xffffffff

Linker script and memory map

LOAD /usr/local/bin/../lib/gcc/msp430/4.7.2/mmpy-16/crt0ivtbl16.o
                0x00001cba                _stack = _end
LOAD build/sky/obj/aes-128.o
LOAD build/sky/obj/anti-replay.o
LOAD build/sky/obj/assert.o
LOAD build/sky/obj/atomic.o
LOAD build/sky/obj/autostart.o
LOAD build/sky/obj/battery-sensor.o
LOAD build/sky/obj/button-hal.o
LOAD build/sky/obj/button-sensor.o
LOAD build/sky/obj/cc2420-arch-sfd.o
LOAD build/sky/obj/cc2420-arch.o
LOAD build/sky/obj/cc2420-tsch-15ms.o
LOAD build/sky/obj/cc2420.o
LOAD build/sky/obj/ccm-star-packetbuf.o
LOAD build/sky/obj/ccm-star.o
LOAD build/sky/obj/cfs-coffee.o
LOAD build/sky/obj/circular-list.o
LOAD build/sky/obj/clock.o
LOAD build/sky/obj/compower.o
LOAD build/sky/obj/contiki-main.o
LOAD build/sky/obj/contiki-sky-platform.o
LOAD build/sky/obj/crc16.o
LOAD build/sky/obj/csma-output.o
LOAD build/sky/obj/csma-security.o
LOAD build/sky/obj/csma.o
LOAD build/sky/obj/csprng.o
LOAD build/sky/obj/ctimer.o
LOAD build/sky/obj/dbl-circ-list.o
LOAD build/sky/obj/dbl-list.o
LOAD build/sky/obj/ds2411.o
LOAD build/sky/obj/energest.o
LOAD build/sky/obj/etimer.o
LOAD build/sky/obj/flash.o
LOAD build/sky/obj/frame802154.o
LOAD build/sky/obj/frame802154e-ie.o
LOAD build/sky/obj/framer-802154.o
LOAD build/sky/obj/gpio-hal.o
LOAD build/sky/obj/heapmem.o
LOAD build/sky/obj/hexconv.o
LOAD build/sky/obj/i2c.o
LOAD build/sky/obj/ifft.o
LOAD build/sky/obj/int-master.o
LOAD build/sky/obj/iq-seeder.o
LOAD build/sky/obj/leds-arch.o
LOAD build/sky/obj/leds.o
LOAD build/sky/obj/light-sensor.o
LOAD build/sky/obj/link-stats.o
LOAD build/sky/obj/linkaddr.o
LOAD build/sky/obj/list.o
LOAD build/sky/obj/log.o
LOAD build/sky/obj/lpm.o
LOAD build/sky/obj/mac-sequence.o
LOAD build/sky/obj/mac.o
LOAD build/sky/obj/main.o
LOAD build/sky/obj/memb.o
LOAD build/sky/obj/msp430.o
LOAD build/sky/obj/mutex.o
LOAD build/sky/obj/nbr-table.o
LOAD build/sky/obj/net-debug.o
LOAD build/sky/obj/netstack.o
LOAD build/sky/obj/node-id.o
LOAD build/sky/obj/nullframer.o
LOAD build/sky/obj/nullnet.o
LOAD build/sky/obj/nullradio.o
LOAD build/sky/obj/nullrouting.o
LOAD build/sky/obj/packetbuf.o
LOAD build/sky/obj/platform.o
LOAD build/sky/obj/process.o
LOAD build/sky/obj/queuebuf.o
LOAD build/sky/obj/random.o
LOAD build/sky/obj/ringbuf.o
LOAD build/sky/obj/ringbufindex.o
LOAD build/sky/obj/rtimer-arch.o
LOAD build/sky/obj/rtimer.o
LOAD build/sky/obj/sensors.o
LOAD build/sky/obj/serial-line.o
LOAD build/sky/obj/sht11-sensor.o
LOAD build/sky/obj/sht11.o
LOAD build/sky/obj/sky-sensors.o
LOAD build/sky/obj/slip_uart1.o
LOAD build/sky/obj/spi-legacy.o
LOAD build/sky/obj/spi.o
LOAD build/sky/obj/stack-check.o
LOAD build/sky/obj/stimer.o
LOAD build/sky/obj/timer.o
LOAD build/sky/obj/trickle-timer.o
LOAD build/sky/obj/uart1-putchar.o
LOAD build/sky/obj/uart1.o
LOAD build/sky/obj/uip-ipchksum.o
LOAD build/sky/obj/watchdog.o
LOAD build/sky/obj/xmem.o
LOAD /usr/local/bin/../lib/gcc/msp430/4.7.2/mmpy-16/libgcc.a
LOAD /usr/local/bin/../lib/gcc/msp430/4.7.2/../../../../msp430/lib/mmpy-16/libc.a
LOAD /usr/local/bin/../lib/gcc/msp430/4.7.2/mmpy-16/libgcc.a
LOAD /usr/local/bin/../lib/gcc/msp430/4.7.2/mmpy-16/libcrt0.a
                0x00000080                PROVIDE (__info_segment_size, 0x80)
                0x00001000                PROVIDE (__infob, 0x1000)
                0x00001080                PROVIDE (__infoa, 0x1080)
                0x00000000                __IE1 = 0x0
                0x00000002                __IFG1 = 0x2
                0x00000004                __ME1 = 0x4
                0x00000001                __IE2 = 0x1
                0x00000003                __IFG2 = 0x3
                0x00000005                __ME2 = 0x5
                0x00000120                __WDTCTL = 0x120
                0x00000130                __MPY = 0x130
                0x00000132                __MPYS = 0x132
                0x00000134                __MAC = 0x134
                0x00000136                __MACS = 0x136
                0x00000138                __OP2 = 0x138
                0x0000013a                __RESLO = 0x13a
                0x0000013c                __RESHI = 0x13c
                0x0000013e                __SUMEXT = 0x13e
                0x00000020                __P1IN = 0x20
                0x00000021                __P1OUT = 0x21
                0x00000022                __P1DIR = 0x22
                0x00000023                __P1IFG = 0x23
                0x00000024                __P1IES = 0x24
                0x00000025                __P1IE = 0x25
                0x00000026                __P1SEL = 0x26
                0x00000028                __P2IN = 0x28
                0x00000029                __P2OUT = 0x29
                0x0000002a                __P2DIR = 0x2a
                0x0000002b                __P2IFG = 0x2b
                0x0000002c                __P2IES = 0x2c
                0x0000002d                __P2IE = 0x2d
                0x0000002e                __P2SEL = 0x2e
                0x00000018                __P3IN = 0x18
                0x00000019                __P3OUT = 0x19
                0x0000001a                __P3DIR = 0x1a
                0x0000001b                __P3SEL = 0x1b
                0x0000001c                __P4IN = 0x1c
                0x0000001d                __P4OUT = 0x1d
                0x0000001e                __P4DIR = 0x1e
                0x0000001f                __P4SEL = 0x1f
                0x00000030                __P5IN = 0x30
                0x00000031                __P5OUT = 0x31
                0x00000032                __P5DIR = 0x32
                0x00000033                __P5SEL = 0x33
                0x00000034                __P6IN = 0x34
                0x00000035                __P6OUT = 0x35
                0x00000036                __P6DIR = 0x36
                0x00000037                __P6SEL = 0x37
                0x00000070                __U0CTL = 0x70
                0x00000071                __U0TCTL = 0x71
                0x00000072                __U0RCTL = 0x72
                0x00000073                __U0MCTL = 0x73
                0x00000074                __U0BR0 = 0x74
                0x00000075                __U0BR1 = 0x75
                0x00000076                __U0RXBUF = 0x76
                0x00000077                __U0TXBUF = 0x77
                0x00000078                __U1CTL = 0x78
                0x00000079                __U1TCTL = 0x79
                0x0000007a                __U1RCTL = 0x7a
                0x0000007b                __U1MCTL = 0x7b
                0x0000007c                __U1BR0 = 0x7c
                0x0000007d                __U1BR1 = 0x7d
                0x0000007e                __U1RXBUF = 0x7e
                0x0000007f                __U1TXBUF = 0x7f
                0x00000050                __I2CIE = 0x50
                0x00000051                __I2CIFG = 0x51
                0x00000052                __I2CNDAT = 0x52
                0x00000071                __I2CTCTL = 0x71
                0x00000072                __I2CDCTL = 0x72
                0x00000073                __I2CPSC = 0x73
                0x00000074                __I2CSCLH = 0x74
                0x00000075                __I2CSCLL = 0x75
                0x00000076                __I2CDRB = 0x76
                0x00000076                __I2CDRW = 0x76
                0x00000118                __I2COA = 0x118
                0x0000011a                __I2CSA = 0x11a
                0x0000011c                __I2CIV = 0x11c
                0x0000012e                __TAIV = 0x12e
                0x00000160                __TACTL = 0x160
                0x00000162                __TACCTL0 = 0x162
                0x00000164                __TACCTL1 = 0x164
                0x00000166                __TACCTL2 = 0x166
                0x00000170                __TAR = 0x170
                0x00000172                __TACCR0 = 0x172
                0x00000174                __TACCR1 = 0x174
                0x00000176                __TACCR2 = 0x176
                0x0000011e                __TBIV = 0x11e
                0x00000180                __TBCTL = 0x180
                0x00000182                __TBCCTL0 = 0x182
                0x00000184                __TBCCTL1 = 0x184
                0x00000186                __TBCCTL2 = 0x186
                0x00000188                __TBCCTL3 = 0x188
                0x0000018a                __TBCCTL4 = 0x18a
                0x0000018c                __TBCCTL5 = 0x18c
                0x0000018e                __TBCCTL6 = 0x18e
                0x00000190                __TBR = 0x190
                0x00000192                __TBCCR0 = 0x192
                0x00000194                __TBCCR1 = 0x194
                0x00000196                __TBCCR2 = 0x196
                0x00000198                __TBCCR3 = 0x198
                0x0000019a                __TBCCR4 = 0x19a
                0x0000019c                __TBCCR5 = 0x19c
                0x0000019e                __TBCCR6 = 0x19e
                0x00000056                __DCOCTL = 0x56
                0x00000057                __BCSCTL1 = 0x57
                0x00000058                __BCSCTL2 = 0x58
                0x00000055                __SVSCTL = 0x55
                0x00000128                __FCTL1 = 0x128
                0x0000012a                __FCTL2 = 0x12a
                0x0000012c                __FCTL3 = 0x12c
                0x00000059                __CACTL1 = 0x59
                0x0000005a                __CACTL2 = 0x5a
                0x0000005b                __CAPD = 0x5b
                0x000001a0                __ADC12CTL0 = 0x1a0
                0x000001a2                __ADC12CTL1 = 0x1a2
                0x000001a4                __ADC12IFG = 0x1a4
                0x000001a6                __ADC12IE = 0x1a6
                0x000001a8                __ADC12IV = 0x1a8
                0x00000140                __ADC12MEM0 = 0x140
                0x00000142                __ADC12MEM1 = 0x142
                0x00000144                __ADC12MEM2 = 0x144
                0x00000146                __ADC12MEM3 = 0x146
                0x00000148                __ADC12MEM4 = 0x148
                0x0000014a                __ADC12MEM5 = 0x14a
                0x0000014c                __ADC12MEM6 = 0x14c
                0x0000014e                __ADC12MEM7 = 0x14e
                0x00000150                __ADC12MEM8 = 0x150
                0x00000152                __ADC12MEM9 = 0x152
                0x00000154                __ADC12MEM10 = 0x154
                0x00000156                __ADC12MEM11 = 0x156
                0x00000158                __ADC12MEM12 = 0x158
                0x0000015a                __ADC12MEM13 = 0x15a
                0x0000015c                __ADC12MEM14 = 0x15c
                0x0000015e                __ADC12MEM15 = 0x15e
                0x00000080                __ADC12MCTL0 = 0x80
                0x00000081                __ADC12MCTL1 = 0x81
                0x00000082                __ADC12MCTL2 = 0x82
                0x00000083                __ADC12MCTL3 = 0x83
                0x00000084                __ADC12MCTL4 = 0x84
                0x00000085                __ADC12MCTL5 = 0x85
                0x00000086                __ADC12MCTL6 = 0x86
                0x00000087                __ADC12MCTL7 = 0x87
                0x00000088                __ADC12MCTL8 = 0x88
                0x00000089                __ADC12MCTL9 = 0x89
                0x0000008a                __ADC12MCTL10 = 0x8a
                0x0000008b                __ADC12MCTL11 = 0x8b
                0x0000008c                __ADC12MCTL12 = 0x8c
                0x0000008d                __ADC12MCTL13 = 0x8d
                0x0000008e                __ADC12MCTL14 = 0x8e
                0x0000008f                __ADC12MCTL15 = 0x8f
                0x000001c0                __DAC12_0CTL = 0x1c0
                0x000001c2                __DAC12_1CTL = 0x1c2
                0x000001c8                __DAC12_0DAT = 0x1c8
                0x000001ca                __DAC12_1DAT = 0x1ca
                0x00000122                __DMACTL0 = 0x122
                0x00000124                __DMACTL1 = 0x124
                0x000001e0                __DMA0CTL = 0x1e0
                0x000001e8                __DMA1CTL = 0x1e8
                0x000001f0                __DMA2CTL = 0x1f0
                0x000001e2                __DMA0SA = 0x1e2
                0x000001e4                __DMA0DA = 0x1e4
                0x000001e6                __DMA0SZ = 0x1e6
                0x000001ea                __DMA1SA = 0x1ea
                0x000001ec                __DMA1DA = 0x1ec
                0x000001ee                __DMA1SZ = 0x1ee
                0x000001f2                __DMA2SA = 0x1f2
                0x000001f4                __DMA2DA = 0x1f4
                0x000001f6                __DMA2SZ = 0x1f6

.hash
 *(SORT(.hash))

.dynsym
 *(SORT(.dynsym))

.dynstr
 *(SORT(.dynstr))

.gnu.version
 *(SORT(.gnu.version))

.gnu.version_d
 *(SORT(.gnu.version_d))

.gnu.version_r
 *(SORT(.gnu.version_r))

.rel.init
 *(SORT(.rel.init))

.rela.init
 *(SORT(.rela.init))

.rel.fini
 *(SORT(.rel.fini))

.rela.fini
 *(SORT(.rela.fini))

.rel.text
 *(SORT(.rel.text) SORT(.rel.text.*) SORT(.rel.gnu.linkonce.t.*))

.rela.text
 *(SORT(.rela.text) SORT(.rela.text.*) SORT(.rela.gnu.linkonce.t.*))

.rel.rodata
 *(SORT(.rel.rodata) SORT(.rel.rodata.*) SORT(.rel.gnu.linkonce.r.*))

.rela.rodata
 *(SORT(.rela.rodata) SORT(.rela.rodata.*) SORT(.rela.gnu.linkonce.r.*))

.rel.data
 *(SORT(.rel.data) SORT(.rel.data.*) SORT(.rel.gnu.linkonce.d.*))

.rela.data
 *(SORT(.rela.data) SORT(.rela.data.*) SORT(.rela.gnu.linkonce.d.*))

.rel.bss
 *(SORT(.rel.bss) SORT(.rel.bss.*) SORT(.rel.gnu.linkonce.b.*))

.rela.bss
 *(SORT(.rela.bss) SORT(.rela.bss.*) SORT(.rela.gnu.linkonce.b.*))

.rel.ctors
 *(SORT(.rel.ctors))

.rela.ctors
 *(SORT(.rela.ctors))

.rel.dtors
 *(SORT(.rel.dtors))

.rela.dtors
 *(SORT(.rela.dtors))

.rel.got
 *(SORT(.rel.got))

.rela.got
 *(SORT(.rela.got))

.rel.plt
 *(SORT(.rel.plt))

.rela.plt
 *(SORT(.rela.plt))

.text           0x00004000     0x43e6
                0x00004000                . = ALIGN (0x2)
 *(SORT(.init) SORT(.init.*))
 *(SORT(.init0))
 .init0         0x00004000        0x0 /usr/local/bin/../lib/gcc/msp430/4.7.2/mmpy-16/libcrt0.a(_reset_vector__.o)
                0x00004000                _reset_vector__
 *(SORT(.init1))
 .init1         0x00004000        0xc /usr/local/bin/../lib/gcc/msp430/4.7.2/mmpy-16/libcrt0.a(__watchdog_support.o)
                0x00004000                __watchdog_support
 *(SORT(.init2))
 .init2         0x0000400c        0x4 /usr/local/bin/../lib/gcc/msp430/4.7.2/mmpy-16/libcrt0.a(__init_stack.o)
                0x0000400c                __init_stack
 *(SORT(.init3))
 .init3         0x00004010        0x0 /usr/local/bin/../lib/gcc/msp430/4.7.2/mmpy-16/libcrt0.a(__low_level_init.o)
                0x00004010                __low_level_init
 *(SORT(.init4))
 .init4         0x00004010       0x18 /usr/local/bin/../lib/gcc/msp430/4.7.2/mmpy-16/libcrt0.a(_copy_data.o)
                0x00004010                __do_copy_data
 .init4         0x00004028       0x16 /usr/local/bin/../lib/gcc/msp430/4.7.2/mmpy-16/libcrt0.a(_clear_bss.o)
                0x00004028                __do_clear_bss
 *(SORT(.init5))
 *(SORT(.init6))
 *(SORT(.init7))
 *(SORT(.init8))
 *(SORT(.init9))
 .init9         0x0000403e      0x1c4 build/sky/obj/contiki-main.o
                0x0000403e                main
 *(SORT(.fini9))
 .fini9         0x00004202        0x0 /usr/local/bin/../lib/gcc/msp430/4.7.2/mmpy-16/libcrt0.a(__stop_progExec__.o)
                0x00004202                __stop_progExec__
 *(SORT(.fini8))
 *(SORT(.fini7))
 *(SORT(.fini6))
 *(SORT(.fini5))
 *(SORT(.fini4))
 *(SORT(.fini3))
 *(SORT(.fini2))
 *(SORT(.fini1))
 *(SORT(.fini0))
 .fini0         0x00004202        0x6 /usr/local/bin/../lib/gcc/msp430/4.7.2/mmpy-16/libcrt0.a(_endless_loop__.o)
                0x00004202                _endless_loop__
 *(SORT(.fini) SORT(.fini.*))
                0x00004208                . = ALIGN (0x2)
                0x00004208                __ctors_start = .
 *(SORT(.ctors))
                0x00004208                __ctors_end = .
                0x00004208                __dtors_start = .
 *(SORT(.dtors))
                0x00004208                __dtors_end = .
                0x00004208                . = ALIGN (0x2)
 *(SORT(.text) SORT(.text.*) SORT(.gnu.linkonce.t.*))
 .text          0x00004208        0x4 /usr/local/bin/../lib/gcc/msp430/4.7.2/mmpy-16/crt0ivtbl16.o
                0x00004208                __isr_14
                0x00004208                __isr_11
                0x00004208                __isr_2
                0x00004208                __isr_7
                0x00004208                __isr_0
                0x00004208                __isr_8
                0x00004208                __isr_3
                0x00004208                __isr_13
                0x00004208                __isr_9
 .text.autostart_start
                0x0000420c       0x16 build/sky/obj/autostart.o
                0x0000420c                autostart_start
 .text.status   0x00004222       0x18 build/sky/obj/button-sensor.o
 .text.value    0x0000423a       0x20 build/sky/obj/button-sensor.o
 .text.configure
                0x0000425a       0x4c build/sky/obj/button-sensor.o
 .text.irq_p2   0x000042a6       0x46 build/sky/obj/button-sensor.o
                0x000042a6                irq_p2
                0x000042a6                __isr_1
 .text.cc2420_timerb1_interrupt
                0x000042ec       0x26 build/sky/obj/cc2420-arch-sfd.o
                0x000042ec                cc2420_timerb1_interrupt
                0x000042ec                __isr_12
 .text.cc2420_port1_interrupt
                0x00004312       0x20 build/sky/obj/cc2420-arch.o
                0x00004312                __isr_4
                0x00004312                cc2420_port1_interrupt
 .text.cc2420_arch_init
                0x00004332       0x1a build/sky/obj/cc2420-arch.o
                0x00004332                cc2420_arch_init
 .text.get_object
                0x0000434c        0x4 build/sky/obj/cc2420.o
 .text.set_object
                0x00004350        0x4 build/sky/obj/cc2420.o
 .text.strobe   0x00004354       0x1c build/sky/obj/cc2420.o
 .text.getreg   0x00004370       0x4c build/sky/obj/cc2420.o
 .text.setreg   0x000043bc       0x4c build/sky/obj/cc2420.o
 .text.write_ram
                0x00004408       0x7c build/sky/obj/cc2420.o
 .text.write_fifo_buf
                0x00004484       0x3c build/sky/obj/cc2420.o
 .text.get_status
                0x000044c0       0x20 build/sky/obj/cc2420.o
 .text.on       0x000044e0       0x1a build/sky/obj/cc2420.o
 .text.cc2420_receiving_packet
                0x000044fa        0xc build/sky/obj/cc2420.o
 .text.pending_packet
                0x00004506        0x8 build/sky/obj/cc2420.o
 .text.wait_for_transmission
                0x0000450e       0x22 build/sky/obj/cc2420.o
 .text.wait_for_status
                0x00004530       0x28 build/sky/obj/cc2420.o
 .text.getrxdata
                0x00004558       0x50 build/sky/obj/cc2420.o
 .text.flushrx  0x000045a8       0x1a build/sky/obj/cc2420.o
 .text.off      0x000045c2       0x28 build/sky/obj/cc2420.o
 .text.RELEASE_LOCK
                0x000045ea       0x28 build/sky/obj/cc2420.o
 .text.set_key  0x00004612       0x18 build/sky/obj/cc2420.o
 .text.set_frame_filtering
                0x0000462a       0x30 build/sky/obj/cc2420.o
 .text.set_auto_ack
                0x0000465a       0x30 build/sky/obj/cc2420.o
 .text.set_poll_mode
                0x0000468a       0x2c build/sky/obj/cc2420.o
 .text.cc2420_prepare
                0x000046b6       0x46 build/sky/obj/cc2420.o
 .text.cc2420_on
                0x000046fc       0x22 build/sky/obj/cc2420.o
                0x000046fc                cc2420_on
 .text.cc2420_transmit
                0x0000471e       0x66 build/sky/obj/cc2420.o
 .text.cc2420_send
                0x00004784       0x12 build/sky/obj/cc2420.o
 .text.cc2420_off
                0x00004796       0x30 build/sky/obj/cc2420.o
                0x00004796                cc2420_off
 .text.cc2420_cca
                0x000047c6       0x68 build/sky/obj/cc2420.o
 .text.cc2420_read
                0x0000482e       0xbe build/sky/obj/cc2420.o
 .text.process_thread_cc2420_process
                0x000048ec       0x56 build/sky/obj/cc2420.o
 .text.encrypt  0x00004942       0x88 build/sky/obj/cc2420.o
 .text.cc2420_set_channel
                0x000049ca       0x3c build/sky/obj/cc2420.o
                0x000049ca                cc2420_set_channel
 .text.cc2420_set_pan_addr
                0x00004a06       0x4c build/sky/obj/cc2420.o
                0x00004a06                cc2420_set_pan_addr
 .text.cc2420_interrupt
                0x00004a52       0x16 build/sky/obj/cc2420.o
                0x00004a52                cc2420_interrupt
 .text.cc2420_set_txpower
                0x00004a68       0x2c build/sky/obj/cc2420.o
                0x00004a68                cc2420_set_txpower
 .text.cc2420_get_txpower
                0x00004a94       0x1e build/sky/obj/cc2420.o
                0x00004a94                cc2420_get_txpower
 .text.cc2420_rssi
                0x00004ab2       0x4c build/sky/obj/cc2420.o
                0x00004ab2                cc2420_rssi
 .text.get_value
                0x00004afe      0x11e build/sky/obj/cc2420.o
 .text.cc2420_set_cca_threshold
                0x00004c1c       0x16 build/sky/obj/cc2420.o
                0x00004c1c                cc2420_set_cca_threshold
 .text.set_value
                0x00004c32      0x150 build/sky/obj/cc2420.o
 .text.cc2420_init
                0x00004d82       0xea build/sky/obj/cc2420.o
                0x00004d82                cc2420_init
 .text.timera1  0x00004e6c       0xdc build/sky/obj/clock.o
                0x00004e6c                __isr_5
                0x00004e6c                timera1
 .text.clock_time
                0x00004f48       0x1a build/sky/obj/clock.o
                0x00004f48                clock_time
 .text.clock_init
                0x00004f62       0x28 build/sky/obj/clock.o
                0x00004f62                clock_init
 .text.clock_delay
                0x00004f8a        0xc build/sky/obj/clock.o
                0x00004f8a                clock_delay
 .text.init_platform
                0x00004f96        0xc build/sky/obj/contiki-sky-platform.o
                0x00004f96                init_platform
 .text.schedule_transmission
                0x00004fa2       0x70 build/sky/obj/csma-output.o
 .text.tx_done  0x00005012       0x9a build/sky/obj/csma-output.o
 .text.transmit_from_queue
                0x000050ac      0x1c0 build/sky/obj/csma-output.o
 .text.csma_output_packet
                0x0000526c      0x158 build/sky/obj/csma-output.o
                0x0000526c                csma_output_packet
 .text.csma_output_init
                0x000053c4       0x1a build/sky/obj/csma-output.o
                0x000053c4                csma_output_init
 .text.csma_security_create_frame
                0x000053de       0x10 build/sky/obj/csma-security.o
                0x000053de                csma_security_create_frame
 .text.csma_security_parse_frame
                0x000053ee        0x6 build/sky/obj/csma-security.o
                0x000053ee                csma_security_parse_frame
 .text.on       0x000053f4        0x6 build/sky/obj/csma.o
 .text.off      0x000053fa        0x6 build/sky/obj/csma.o
 .text.max_payload
                0x00005400       0x38 build/sky/obj/csma.o
 .text.send_packet
                0x00005438        0x6 build/sky/obj/csma.o
 .text.input_packet
                0x0000543e       0x58 build/sky/obj/csma.o
 .text.init     0x00005496       0x20 build/sky/obj/csma.o
 .text.process_thread_ctimer_process
                0x000054b6       0xa8 build/sky/obj/ctimer.o
 .text.ctimer_init
                0x0000555e       0x18 build/sky/obj/ctimer.o
                0x0000555e                ctimer_init
 .text.ctimer_set_with_process
                0x00005576       0x4e build/sky/obj/ctimer.o
                0x00005576                ctimer_set_with_process
 .text.ctimer_set
                0x000055c4       0x10 build/sky/obj/ctimer.o
                0x000055c4                ctimer_set
 .text.ctimer_reset
                0x000055d4       0x30 build/sky/obj/ctimer.o
                0x000055d4                ctimer_reset
 .text.ctimer_stop
                0x00005604       0x28 build/sky/obj/ctimer.o
                0x00005604                ctimer_stop
 .text.owreadb  0x0000562c       0x50 build/sky/obj/ds2411.o
 .text.ds2411_init
                0x0000567c      0x120 build/sky/obj/ds2411.o
                0x0000567c                ds2411_init
 .text.energest_init
                0x0000579c        0x2 build/sky/obj/energest.o
                0x0000579c                energest_init
 .text.energest_flush
                0x0000579e        0x2 build/sky/obj/energest.o
                0x0000579e                energest_flush
 .text.update_time
                0x000057a0       0x78 build/sky/obj/etimer.o
 .text.etimer_request_poll
                0x00005818        0xa build/sky/obj/etimer.o
                0x00005818                etimer_request_poll
 .text.process_thread_etimer_process
                0x00005822       0xcc build/sky/obj/etimer.o
 .text.add_timer
                0x000058ee       0x40 build/sky/obj/etimer.o
 .text.etimer_set
                0x0000592e       0x12 build/sky/obj/etimer.o
                0x0000592e                etimer_set
 .text.etimer_reset
                0x00005940       0x12 build/sky/obj/etimer.o
                0x00005940                etimer_reset
 .text.etimer_expired
                0x00005952        0xe build/sky/obj/etimer.o
                0x00005952                etimer_expired
 .text.etimer_pending
                0x00005960        0xc build/sky/obj/etimer.o
                0x00005960                etimer_pending
 .text.etimer_next_expiration_time
                0x0000596c       0x16 build/sky/obj/etimer.o
                0x0000596c                etimer_next_expiration_time
 .text.etimer_stop
                0x00005982       0x3e build/sky/obj/etimer.o
                0x00005982                etimer_stop
 .text.frame802154_get_pan_id
                0x000059c0        0x6 build/sky/obj/frame802154.o
                0x000059c0                frame802154_get_pan_id
 .text.frame802154_has_panid
                0x000059c6       0xe0 build/sky/obj/frame802154.o
                0x000059c6                frame802154_has_panid
 .text.field_len
                0x00005aa6       0xac build/sky/obj/frame802154.o
 .text.frame802154_is_broadcast_addr
                0x00005b52       0x28 build/sky/obj/frame802154.o
                0x00005b52                frame802154_is_broadcast_addr
 .text.frame802154_hdrlen
                0x00005b7a       0x32 build/sky/obj/frame802154.o
                0x00005b7a                frame802154_hdrlen
 .text.frame802154_create_fcf
                0x00005bac       0x96 build/sky/obj/frame802154.o
                0x00005bac                frame802154_create_fcf
 .text.frame802154_create
                0x00005c42       0xe4 build/sky/obj/frame802154.o
                0x00005c42                frame802154_create
 .text.frame802154_parse_fcf
                0x00005d26       0xbc build/sky/obj/frame802154.o
                0x00005d26                frame802154_parse_fcf
 .text.frame802154_parse
                0x00005de2      0x168 build/sky/obj/frame802154.o
                0x00005de2                frame802154_parse
 .text.parse    0x00005f4a       0xa2 build/sky/obj/framer-802154.o
 .text.framer_802154_setup_params
                0x00005fec       0xb8 build/sky/obj/framer-802154.o
                0x00005fec                framer_802154_setup_params
 .text.create_frame
                0x000060a4       0xa2 build/sky/obj/framer-802154.o
 .text.create   0x00006146        0x8 build/sky/obj/framer-802154.o
 .text.hdr_length
                0x0000614e        0x8 build/sky/obj/framer-802154.o
 .text.leds_arch_init
                0x00006156        0xe build/sky/obj/leds-arch.o
                0x00006156                leds_arch_init
 .text.leds_arch_get
                0x00006164       0x34 build/sky/obj/leds-arch.o
                0x00006164                leds_arch_get
 .text.leds_arch_set
                0x00006198       0x3e build/sky/obj/leds-arch.o
                0x00006198                leds_arch_set
 .text.leds_init
                0x000061d6        0x6 build/sky/obj/leds.o
                0x000061d6                leds_init
 .text.leds_on  0x000061dc       0x12 build/sky/obj/leds.o
                0x000061dc                leds_on
 .text.leds_off
                0x000061ee       0x12 build/sky/obj/leds.o
                0x000061ee                leds_off
 .text.linkaddr_copy
                0x00006200        0x8 build/sky/obj/linkaddr.o
                0x00006200                linkaddr_copy
 .text.linkaddr_cmp
                0x00006208       0x12 build/sky/obj/linkaddr.o
                0x00006208                linkaddr_cmp
 .text.linkaddr_set_node_addr
                0x0000621a        0xc build/sky/obj/linkaddr.o
                0x0000621a                linkaddr_set_node_addr
 .text.list_init
                0x00006226        0x6 build/sky/obj/list.o
                0x00006226                list_init
 .text.list_head
                0x0000622c        0x4 build/sky/obj/list.o
                0x0000622c                list_head
 .text.list_tail
                0x00006230       0x12 build/sky/obj/list.o
                0x00006230                list_tail
 .text.list_remove
                0x00006242       0x34 build/sky/obj/list.o
                0x00006242                list_remove
 .text.list_add
                0x00006276       0x2a build/sky/obj/list.o
                0x00006276                list_add
 .text.list_length
                0x000062a0       0x10 build/sky/obj/list.o
                0x000062a0                list_length
 .text.list_item_next
                0x000062b0        0xc build/sky/obj/list.o
                0x000062b0                list_item_next
 .text.log_lladdr
                0x000062bc       0x44 build/sky/obj/log.o
                0x000062bc                log_lladdr
 .text.mac_sequence_init
                0x00006300        0xa build/sky/obj/mac-sequence.o
                0x00006300                mac_sequence_init
 .text.mac_sequence_set_dsn
                0x0000630a       0x18 build/sky/obj/mac-sequence.o
                0x0000630a                mac_sequence_set_dsn
 .text.mac_sequence_is_duplicate
                0x00006322       0x84 build/sky/obj/mac-sequence.o
                0x00006322                mac_sequence_is_duplicate
 .text.mac_sequence_register_seqno
                0x000063a6       0x90 build/sky/obj/mac-sequence.o
                0x000063a6                mac_sequence_register_seqno
 .text.mac_call_sent_callback
                0x00006436       0x14 build/sky/obj/mac.o
                0x00006436                mac_call_sent_callback
 .text.process_thread_main_process
                0x0000644a       0xfc build/sky/obj/main.o
 .text.send_ack
                0x00006546       0x26 build/sky/obj/main.o
                0x00006546                send_ack
 .text.send_msg
                0x0000656c       0x26 build/sky/obj/main.o
                0x0000656c                send_msg
 .text.process_thread_no_relay_process
                0x00006592       0xbe build/sky/obj/main.o
 .text.addr_equal
                0x00006650       0x22 build/sky/obj/main.o
                0x00006650                addr_equal
 .text.input_callback
                0x00006672       0xe8 build/sky/obj/main.o
                0x00006672                input_callback
 .text.memb_init
                0x0000675a       0x36 build/sky/obj/memb.o
                0x0000675a                memb_init
 .text.memb_alloc
                0x00006790       0x3e build/sky/obj/memb.o
                0x00006790                memb_alloc
 .text.memb_free
                0x000067ce       0x32 build/sky/obj/memb.o
                0x000067ce                memb_free
 .text.memb_inmemb
                0x00006800       0x2a build/sky/obj/memb.o
                0x00006800                memb_inmemb
 .text.msp430_init_dco
                0x0000682a       0x82 build/sky/obj/msp430.o
                0x0000682a                msp430_init_dco
 .text.msp430_add_lpm_req
                0x000068ac        0xc build/sky/obj/msp430.o
                0x000068ac                msp430_add_lpm_req
 .text.msp430_cpu_init
                0x000068b8       0x2a build/sky/obj/msp430.o
                0x000068b8                msp430_cpu_init
 .text.splhigh_
                0x000068e2        0xa build/sky/obj/msp430.o
                0x000068e2                splhigh_
 .text.msp430_sync_dco
                0x000068ec       0x6c build/sky/obj/msp430.o
                0x000068ec                msp430_sync_dco
 .text.netstack_init
                0x00006958        0xe build/sky/obj/netstack.o
                0x00006958                netstack_init
 .text.node_id_init
                0x00006966       0x14 build/sky/obj/node-id.o
                0x00006966                node_id_init
 .text.init     0x0000697a        0x6 build/sky/obj/nullnet.o
 .text.output   0x00006980       0x42 build/sky/obj/nullnet.o
 .text.input    0x000069c2       0x40 build/sky/obj/nullnet.o
 .text.nullnet_set_input_callback
                0x00006a02        0x6 build/sky/obj/nullnet.o
                0x00006a02                nullnet_set_input_callback
 .text.init     0x00006a08        0x2 build/sky/obj/nullrouting.o
 .text.root_set_prefix
                0x00006a0a        0x2 build/sky/obj/nullrouting.o
 .text.root_start
                0x00006a0c        0x4 build/sky/obj/nullrouting.o
 .text.node_is_root
                0x00006a10        0x4 build/sky/obj/nullrouting.o
 .text.get_root_ipaddr
                0x00006a14        0x4 build/sky/obj/nullrouting.o
 .text.get_sr_node_ipaddr
                0x00006a18        0x4 build/sky/obj/nullrouting.o
 .text.leave_network
                0x00006a1c        0x2 build/sky/obj/nullrouting.o
 .text.node_has_joined
                0x00006a1e        0x4 build/sky/obj/nullrouting.o
 .text.node_is_reachable
                0x00006a22        0x4 build/sky/obj/nullrouting.o
 .text.global_repair
                0x00006a26        0x2 build/sky/obj/nullrouting.o
 .text.local_repair
                0x00006a28        0x2 build/sky/obj/nullrouting.o
 .text.ext_header_remove
                0x00006a2a        0x4 build/sky/obj/nullrouting.o
 .text.ext_header_update
                0x00006a2e        0x4 build/sky/obj/nullrouting.o
 .text.ext_header_hbh_update
                0x00006a32        0x4 build/sky/obj/nullrouting.o
 .text.ext_header_srh_update
                0x00006a36        0x4 build/sky/obj/nullrouting.o
 .text.ext_header_srh_get_next_hop
                0x00006a3a        0x4 build/sky/obj/nullrouting.o
 .text.link_callback
                0x00006a3e        0x2 build/sky/obj/nullrouting.o
 .text.neighbor_state_changed
                0x00006a40        0x2 build/sky/obj/nullrouting.o
 .text.drop_route
                0x00006a42        0x2 build/sky/obj/nullrouting.o
 .text.is_in_leaf_mode
                0x00006a44        0x4 build/sky/obj/nullrouting.o
 .text.packetbuf_hdrreduce
                0x00006a48       0x1a build/sky/obj/packetbuf.o
                0x00006a48                packetbuf_hdrreduce
 .text.packetbuf_set_datalen
                0x00006a62        0x6 build/sky/obj/packetbuf.o
                0x00006a62                packetbuf_set_datalen
 .text.packetbuf_hdrptr
                0x00006a68        0x6 build/sky/obj/packetbuf.o
                0x00006a68                packetbuf_hdrptr
 .text.packetbuf_datalen
                0x00006a6e        0x6 build/sky/obj/packetbuf.o
                0x00006a6e                packetbuf_datalen
 .text.packetbuf_hdrlen
                0x00006a74        0xa build/sky/obj/packetbuf.o
                0x00006a74                packetbuf_hdrlen
 .text.packetbuf_dataptr
                0x00006a7e        0xc build/sky/obj/packetbuf.o
                0x00006a7e                packetbuf_dataptr
 .text.packetbuf_copyto
                0x00006a8a       0x46 build/sky/obj/packetbuf.o
                0x00006a8a                packetbuf_copyto
 .text.packetbuf_totlen
                0x00006ad0        0xc build/sky/obj/packetbuf.o
                0x00006ad0                packetbuf_totlen
 .text.packetbuf_hdralloc
                0x00006adc       0x3c build/sky/obj/packetbuf.o
                0x00006adc                packetbuf_hdralloc
 .text.packetbuf_attr_clear
                0x00006b18       0x28 build/sky/obj/packetbuf.o
                0x00006b18                packetbuf_attr_clear
 .text.packetbuf_clear
                0x00006b40       0x12 build/sky/obj/packetbuf.o
                0x00006b40                packetbuf_clear
 .text.packetbuf_copyfrom
                0x00006b52       0x2e build/sky/obj/packetbuf.o
                0x00006b52                packetbuf_copyfrom
 .text.packetbuf_attr_copyto
                0x00006b80       0x22 build/sky/obj/packetbuf.o
                0x00006b80                packetbuf_attr_copyto
 .text.packetbuf_attr_copyfrom
                0x00006ba2       0x24 build/sky/obj/packetbuf.o
                0x00006ba2                packetbuf_attr_copyfrom
 .text.packetbuf_set_attr
                0x00006bc6        0xc build/sky/obj/packetbuf.o
                0x00006bc6                packetbuf_set_attr
 .text.packetbuf_attr
                0x00006bd2        0xa build/sky/obj/packetbuf.o
                0x00006bd2                packetbuf_attr
 .text.packetbuf_set_addr
                0x00006bdc       0x18 build/sky/obj/packetbuf.o
                0x00006bdc                packetbuf_set_addr
 .text.packetbuf_addr
                0x00006bf4       0x12 build/sky/obj/packetbuf.o
                0x00006bf4                packetbuf_addr
 .text.packetbuf_holds_broadcast
                0x00006c06        0xe build/sky/obj/packetbuf.o
                0x00006c06                packetbuf_holds_broadcast
 .text.platform_init_stage_one
                0x00006c14       0x12 build/sky/obj/platform.o
                0x00006c14                platform_init_stage_one
 .text.platform_init_stage_two
                0x00006c26       0x68 build/sky/obj/platform.o
                0x00006c26                platform_init_stage_two
 .text.platform_init_stage_three
                0x00006c8e       0x86 build/sky/obj/platform.o
                0x00006c8e                platform_init_stage_three
 .text.platform_idle
                0x00006d14       0x54 build/sky/obj/platform.o
                0x00006d14                platform_idle
 .text.call_process
                0x00006d68       0x46 build/sky/obj/process.o
 .text.exit_process
                0x00006dae       0x96 build/sky/obj/process.o
 .text.do_poll  0x00006e44       0x30 build/sky/obj/process.o
 .text.process_alloc_event
                0x00006e74        0xe build/sky/obj/process.o
                0x00006e74                process_alloc_event
 .text.process_init
                0x00006e82       0x18 build/sky/obj/process.o
                0x00006e82                process_init
 .text.process_run
                0x00006e9a       0x92 build/sky/obj/process.o
                0x00006e9a                process_run
 .text.process_nevents
                0x00006f2c        0xe build/sky/obj/process.o
                0x00006f2c                process_nevents
 .text.process_post
                0x00006f3a       0x42 build/sky/obj/process.o
                0x00006f3a                process_post
 .text.process_post_synch
                0x00006f7c       0x12 build/sky/obj/process.o
                0x00006f7c                process_post_synch
 .text.process_start
                0x00006f8e       0x36 build/sky/obj/process.o
                0x00006f8e                process_start
 .text.process_poll
                0x00006fc4       0x18 build/sky/obj/process.o
                0x00006fc4                process_poll
 .text.queuebuf_init
                0x00006fdc       0x12 build/sky/obj/queuebuf.o
                0x00006fdc                queuebuf_init
 .text.queuebuf_new_from_packetbuf
                0x00006fee       0x52 build/sky/obj/queuebuf.o
                0x00006fee                queuebuf_new_from_packetbuf
 .text.queuebuf_update_attr_from_packetbuf
                0x00007040       0x12 build/sky/obj/queuebuf.o
                0x00007040                queuebuf_update_attr_from_packetbuf
 .text.queuebuf_free
                0x00007052       0x2a build/sky/obj/queuebuf.o
                0x00007052                queuebuf_free
 .text.queuebuf_to_packetbuf
                0x0000707c       0x32 build/sky/obj/queuebuf.o
                0x0000707c                queuebuf_to_packetbuf
 .text.random_init
                0x000070ae        0x6 build/sky/obj/random.o
                0x000070ae                random_init
 .text.random_rand
                0x000070b4        0x6 build/sky/obj/random.o
                0x000070b4                random_rand
 .text.ringbuf_init
                0x000070ba       0x14 build/sky/obj/ringbuf.o
                0x000070ba                ringbuf_init
 .text.ringbuf_put
                0x000070ce       0x38 build/sky/obj/ringbuf.o
                0x000070ce                ringbuf_put
 .text.ringbuf_get
                0x00007106       0x32 build/sky/obj/ringbuf.o
                0x00007106                ringbuf_get
 .text.timera0  0x00007138       0x2e build/sky/obj/rtimer-arch.o
                0x00007138                __isr_6
                0x00007138                timera0
 .text.rtimer_arch_init
                0x00007166        0xe build/sky/obj/rtimer-arch.o
                0x00007166                rtimer_arch_init
 .text.rtimer_arch_now
                0x00007174        0xe build/sky/obj/rtimer-arch.o
                0x00007174                rtimer_arch_now
 .text.rtimer_arch_schedule
                0x00007182        0x6 build/sky/obj/rtimer-arch.o
                0x00007182                rtimer_arch_schedule
 .text.rtimer_init
                0x00007188        0x6 build/sky/obj/rtimer.o
                0x00007188                rtimer_init
 .text.rtimer_run_next
                0x0000718e       0x26 build/sky/obj/rtimer.o
                0x0000718e                rtimer_run_next
 .text.process_thread_sensors_process
                0x000071b4       0xc2 build/sky/obj/sensors.o
 .text.sensors_changed
                0x00007276       0x2a build/sky/obj/sensors.o
                0x00007276                sensors_changed
 .text.process_thread_serial_line_process
                0x000072a0       0xa4 build/sky/obj/serial-line.o
 .text.serial_line_input_byte
                0x00007344       0x42 build/sky/obj/serial-line.o
                0x00007344                serial_line_input_byte
 .text.serial_line_init
                0x00007386       0x1c build/sky/obj/serial-line.o
                0x00007386                serial_line_init
 .text.spi_init
                0x000073a2       0x30 build/sky/obj/spi-legacy.o
                0x000073a2                spi_init
 .text.stack_check_init
                0x000073d2       0x2e build/sky/obj/stack-check.o
                0x000073d2                stack_check_init
 .text.stack_check_get_usage
                0x00007400       0x54 build/sky/obj/stack-check.o
                0x00007400                stack_check_get_usage
 .text.process_thread_stack_check_process
                0x00007454       0xea build/sky/obj/stack-check.o
 .text.timer_set
                0x0000753e       0x1c build/sky/obj/timer.o
                0x0000753e                timer_set
 .text.timer_expired
                0x0000755a       0x2a build/sky/obj/timer.o
                0x0000755a                timer_expired
 .text.timer_reset
                0x00007584       0x1c build/sky/obj/timer.o
                0x00007584                timer_reset
 .text.putchar  0x000075a0       0x10 build/sky/obj/uart1-putchar.o
                0x000075a0                putchar
 .text.handle_rxdma_timer
                0x000075b0       0x3a build/sky/obj/uart1.o
 .text.uart1_active
                0x000075ea       0x18 build/sky/obj/uart1.o
                0x000075ea                uart1_active
 .text.uart1_set_input
                0x00007602       0x20 build/sky/obj/uart1.o
                0x00007602                uart1_set_input
 .text.uart1_writeb
                0x00007622       0x18 build/sky/obj/uart1.o
                0x00007622                uart1_writeb
 .text.uart1_init
                0x0000763a       0xf4 build/sky/obj/uart1.o
                0x0000763a                uart1_init
 .text.watchdog_interrupt
                0x0000772e        0x6 build/sky/obj/watchdog.o
                0x0000772e                __isr_10
                0x0000772e                watchdog_interrupt
 .text.watchdog_start
                0x00007734       0x14 build/sky/obj/watchdog.o
                0x00007734                watchdog_start
 .text.watchdog_periodic
                0x00007748       0x12 build/sky/obj/watchdog.o
                0x00007748                watchdog_periodic
 .text.watchdog_stop
                0x0000775a       0x16 build/sky/obj/watchdog.o
                0x0000775a                watchdog_stop
 .text.watchdog_init
                0x00007770       0x12 build/sky/obj/watchdog.o
                0x00007770                watchdog_init
 .text.xmem_init
                0x00007782       0x3c build/sky/obj/xmem.o
                0x00007782                xmem_init
 .text.malloc   0x000077be       0xd0 /usr/local/bin/../lib/gcc/msp430/4.7.2/../../../../msp430/lib/mmpy-16/libc.a(malloc.o)
                0x000077be                malloc
 .text.free     0x0000788e        0x6 /usr/local/bin/../lib/gcc/msp430/4.7.2/../../../../msp430/lib/mmpy-16/libc.a(malloc.o)
                0x0000788e                free
 .text.printf   0x00007894       0x10 /usr/local/bin/../lib/gcc/msp430/4.7.2/../../../../msp430/lib/mmpy-16/libc.a(printf.o)
                0x00007894                printf
 .text.print_field
                0x000078a4      0x194 /usr/local/bin/../lib/gcc/msp430/4.7.2/../../../../msp430/lib/mmpy-16/libc.a(vuprintf.o)
 .text.vuprintf
                0x00007a38      0x63e /usr/local/bin/../lib/gcc/msp430/4.7.2/../../../../msp430/lib/mmpy-16/libc.a(vuprintf.o)
                0x00007a38                vuprintf
 .text.puts     0x00008076       0x2c /usr/local/bin/../lib/gcc/msp430/4.7.2/../../../../msp430/lib/mmpy-16/libc.a(puts.o)
                0x00008076                puts
 .text.rand     0x000080a2       0x26 /usr/local/bin/../lib/gcc/msp430/4.7.2/../../../../msp430/lib/mmpy-16/libc.a(rand.o)
                0x000080a2                rand
 .text.srand    0x000080c8        0xa /usr/local/bin/../lib/gcc/msp430/4.7.2/../../../../msp430/lib/mmpy-16/libc.a(rand.o)
                0x000080c8                srand
 .text.memcmp   0x000080d2       0x30 /usr/local/bin/../lib/gcc/msp430/4.7.2/../../../../msp430/lib/mmpy-16/libc.a(memcmp.o)
                0x000080d2                memcmp
 .text.memcpy   0x00008102       0xfa /usr/local/bin/../lib/gcc/msp430/4.7.2/../../../../msp430/lib/mmpy-16/libc.a(memcpy.o)
                0x00008102                memcpy
 .text.memset   0x000081fc       0x6a /usr/local/bin/../lib/gcc/msp430/4.7.2/../../../../msp430/lib/mmpy-16/libc.a(memset.o)
                0x000081fc                memset
 .text.crt0     0x00008266        0x2 /usr/local/bin/../lib/gcc/msp430/4.7.2/mmpy-16/libcrt0.a(_unexpected_.o)
                0x00008266                _unexpected_
 .text.libgcc   0x00008268       0x2c /usr/local/bin/../lib/gcc/msp430/4.7.2/mmpy-16/libgcc.a(_mulsi3.o)
                0x00008268                __mulsi3
 .text.libgcc   0x00008294       0x22 /usr/local/bin/../lib/gcc/msp430/4.7.2/mmpy-16/libgcc.a(_udivmod16.o)
                0x00008294                __udivhi3
                0x00008294                __ext_udivmod16
                0x000082ae                __umodhi3
 .text.libgcc   0x000082b6       0x40 /usr/local/bin/../lib/gcc/msp430/4.7.2/mmpy-16/libgcc.a(_udivmod32.o)
                0x000082b6                __udivsi3
                0x000082b6                __ext_udivmod32
                0x000082ec                __umodsi3
 .text.libgcc   0x000082f6       0xf0 /usr/local/bin/../lib/gcc/msp430/4.7.2/mmpy-16/libgcc.a(_udivmod64.o)
                0x000082f6                __xabi_udivmod64
                0x00008354                __udivdi3
                0x0000837a                __umoddi3
                0x000083a8                __udivmoddi4
 *(SORT(.near.text) SORT(.near.text.*))

.rodata         0x000083e8      0x472
                0x000083e8                . = ALIGN (0x2)
 *(SORT(.rodata) SORT(.rodata.*) SORT(.gnu.linkonce.r.*))
 .rodata.get_value
                0x000083e8       0x34 build/sky/obj/cc2420.o
 .rodata.set_value
                0x0000841c       0x10 build/sky/obj/cc2420.o
 .rodata        0x0000842c       0x10 build/sky/obj/button-sensor.o
                0x00008434                button_sensor
 .rodata        0x0000843c       0x3e build/sky/obj/cc2420.o
                0x0000843c                cc2420_aes_128_driver
                0x00008440                cc2420_driver
 .rodata        0x0000847a       0x14 build/sky/obj/csma.o
                0x00008480                csma_driver
 .rodata        0x0000848e        0x6 build/sky/obj/framer-802154.o
                0x0000848e                framer_802154
 .rodata        0x00008494        0x8 build/sky/obj/linkaddr.o
                0x00008494                linkaddr_null
 .rodata        0x0000849c       0x9a build/sky/obj/log.o
 .rodata        0x00008536      0x148 build/sky/obj/main.o
                0x0000865c                autostart_processes
 .rodata        0x0000867e       0x10 build/sky/obj/nullnet.o
                0x00008686                nullnet_driver
 .rodata        0x0000868e       0x36 build/sky/obj/nullrouting.o
                0x0000869a                nullrouting_driver
 .rodata        0x000086c4       0xc1 build/sky/obj/contiki-main.o
 .rodata        0x00008785        0xf build/sky/obj/ctimer.o
 .rodata        0x00008794        0xc build/sky/obj/etimer.o
 .rodata        0x000087a0        0x2 build/sky/obj/frame802154.o
 .rodata        0x000087a2       0x31 build/sky/obj/platform.o
 .rodata        0x000087d3        0x8 build/sky/obj/sensors.o
 .rodata        0x000087db        0xe build/sky/obj/serial-line.o
 .rodata        0x000087e9       0x6a build/sky/obj/stack-check.o
 .rodata.vuprintf
                0x00008853        0x7 /usr/local/bin/../lib/gcc/msp430/4.7.2/../../../../msp430/lib/mmpy-16/libc.a(vuprintf.o)
 *(SORT(.near.rodata) SORT(.near.rodata.*))
                0x0000885a                . = ALIGN (0x2)
                0x0000885a                _etext = .

.data           0x00001100       0xe0 load address 0x0000885a
                0x00001100                . = ALIGN (0x2)
                0x00001100                __data_start = .
 *(SORT(.data) SORT(.data.*) SORT(.gnu.linkonce.d.*))
 .data          0x00001100        0xc build/sky/obj/cc2420.o
                0x00001100                cc2420_process
 .data          0x0000110c        0x4 build/sky/obj/contiki-sky-platform.o
                0x0000110c                sensors
 .data          0x00001110       0x18 build/sky/obj/csma-output.o
 .data          0x00001128        0xa build/sky/obj/ctimer.o
                0x00001128                ctimer_process
 .data          0x00001132        0xa build/sky/obj/etimer.o
                0x00001132                etimer_process
 .data          0x0000113c        0x2 build/sky/obj/frame802154.o
 .data          0x0000113e       0x50 build/sky/obj/log.o
                0x0000113e                all_modules
                0x0000118c                curr_log_level_main
 .data          0x0000118e       0x1e build/sky/obj/main.o
                0x0000118e                no_relay_process
                0x00001198                main_process
                0x000011a2                eps
 .data          0x000011ac        0x2 build/sky/obj/msp430.o
 .data          0x000011ae       0x10 build/sky/obj/queuebuf.o
 .data          0x000011be        0xa build/sky/obj/sensors.o
                0x000011be                sensors_process
 .data          0x000011c8        0xa build/sky/obj/serial-line.o
                0x000011c8                serial_line_process
 .data          0x000011d2        0xa build/sky/obj/stack-check.o
                0x000011d2                stack_check_process
 .data.next     0x000011dc        0x4 /usr/local/bin/../lib/gcc/msp430/4.7.2/../../../../msp430/lib/mmpy-16/libc.a(rand.o)
 *(SORT(.near.data) SORT(.near.data.*))
                0x000011e0                . = ALIGN (0x2)
                0x000011e0                _edata = .
                0x0000885a                __data_load_start = LOADADDR (.data)
                0x000000e0                __data_size = SIZEOF (.data)

.bss            0x000011e0      0xad8 load address 0x0000893a
                0x000011e0                __bss_start = .
 *(SORT(.bss) SORT(.bss.*))
 .bss           0x000011e0        0x8 build/sky/obj/button-sensor.o
 .bss           0x000011e8       0x10 build/sky/obj/cc2420.o
 .bss           0x000011f8        0xa build/sky/obj/clock.o
 .bss           0x00001202       0xbc build/sky/obj/csma-output.o
 .bss           0x000012be        0x4 build/sky/obj/ctimer.o
 .bss           0x000012c2        0x6 build/sky/obj/etimer.o
 .bss           0x000012c8       0x16 build/sky/obj/log.o
                0x000012c8                curr_log_level_lwm2m
                0x000012ca                curr_log_level_snmp
                0x000012cc                curr_log_level_coap
                0x000012ce                curr_log_level_6top
                0x000012d0                curr_log_level_framer
                0x000012d2                curr_log_level_mac
                0x000012d4                curr_log_level_nullnet
                0x000012d6                curr_log_level_6lowpan
                0x000012d8                curr_log_level_ipv6
                0x000012da                curr_log_level_tcpip
                0x000012dc                curr_log_level_rpl
 .bss           0x000012de       0xe2 build/sky/obj/mac-sequence.o
 .bss           0x000013c0       0x20 build/sky/obj/main.o
 .bss           0x000013e0        0x2 build/sky/obj/node-id.o
                0x000013e0                node_id
 .bss           0x000013e2        0x2 build/sky/obj/nullnet.o
 .bss           0x000013e4       0x86 build/sky/obj/packetbuf.o
 .bss           0x0000146a        0x8 build/sky/obj/platform.o
 .bss           0x00001472       0xc8 build/sky/obj/process.o
                0x00001472                process_current
                0x00001474                process_list
 .bss           0x0000153a      0x570 build/sky/obj/queuebuf.o
 .bss           0x00001aaa        0x2 build/sky/obj/rtimer.o
 .bss           0x00001aac        0x6 build/sky/obj/sensors.o
 .bss           0x00001ab2      0x10a build/sky/obj/serial-line.o
 .bss           0x00001bbc        0xe build/sky/obj/stack-check.o
 .bss           0x00001bca       0x9a build/sky/obj/uart1.o
 .bss           0x00001c64        0x2 build/sky/obj/watchdog.o
 .bss.once.1520
                0x00001c66        0x1 /usr/local/bin/../lib/gcc/msp430/4.7.2/../../../../msp430/lib/mmpy-16/libc.a(malloc.o)
 *(SORT(.near.bss) SORT(.near.bss.*))
 *(SORT(COMMON))
 *fill*         0x00001c67        0x1 00
 COMMON         0x00001c68        0xc build/sky/obj/cc2420.o
                0x00001c68                cc2420_last_rssi
                0x00001c6a                cc2420_sfd_start_time
                0x00001c6c                cc2420_last_correlation
                0x00001c6e                cc2420_authority_level_of_sender
                0x00001c70                cc2420_sfd_counter
                0x00001c72                cc2420_sfd_end_time
 COMMON         0x00001c74        0x8 build/sky/obj/linkaddr.o
                0x00001c74                linkaddr_node_addr
 COMMON         0x00001c7c        0x2 build/sky/obj/msp430.o
                0x00001c7c                msp430_dco_required
 COMMON         0x00001c7e        0x4 build/sky/obj/nullnet.o
                0x00001c7e                nullnet_buf
                0x00001c80                nullnet_len
 COMMON         0x00001c82       0x28 build/sky/obj/packetbuf.o
                0x00001c82                packetbuf_addrs
                0x00001c92                packetbuf_attrs
 COMMON         0x00001caa        0x2 build/sky/obj/contiki-sky-platform.o
                0x00001caa                sensors_flags
 COMMON         0x00001cac        0x8 build/sky/obj/ds2411.o
                0x00001cac                ds2411_id
 COMMON         0x00001cb4        0x2 build/sky/obj/main.o
                0x00001cb4                exp_done
                0x00001cb5                acknowledgement
 COMMON         0x00001cb6        0x1 build/sky/obj/sensors.o
                0x00001cb6                sensors_event
 COMMON         0x00001cb7        0x1 build/sky/obj/serial-line.o
                0x00001cb7                serial_line_event_message
                0x00001cb8                . = ALIGN (0x2)
                0x00001cb8                __bss_end = .
                0x00000ad8                __bss_size = SIZEOF (.bss)

.noinit         0x00001cb8        0x2 load address 0x0000893a
                0x00001cb8                . = ALIGN (0x2)
                0x00001cb8                __noinit_start = .
 *(SORT(.noinit) SORT(.noinit.*))
 .noinit.crt0   0x00001cb8        0x2 /usr/local/bin/../lib/gcc/msp430/4.7.2/mmpy-16/libcrt0.a(__watchdog_support.o)
                0x00001cb8                __wdt_clear_value
                0x00001cba                . = ALIGN (0x2)
                0x00001cba                __noinit_end = .
                0x00001cba                . = ALIGN (0x2)
                0x00001cba                _end = .

.infomem        0x00001000        0x0
                0x00001000                . = ALIGN (0x2)
 *(SORT(.infomem) SORT(.infomem.*))

.infomemnobits  0x00001000        0x0
                0x00001000                . = ALIGN (0x2)
 *(SORT(.infomemnobits) SORT(.infomemnobits.*))

.infoa          0x00001080        0x0
                0x00001080                . = ALIGN (0x2)
 *(SORT(.infoa) SORT(.infoa.*))

.infob          0x00001000        0x0
                0x00001000                . = ALIGN (0x2)
 *(SORT(.infob) SORT(.infob.*))

.infoc          0x00000000        0x0
                0x00000000                . = ALIGN (0x2)
 *(SORT(.infoc) SORT(.infoc.*))

.infod          0x00000000        0x0
                0x00000000                . = ALIGN (0x2)
 *(SORT(.infod) SORT(.infod.*))
                0x0000ffff                PROVIDE (__vte_0, 0xffff)
                0x0000ffff                PROVIDE (__vte_1, 0xffff)
                0x0000ffff                PROVIDE (__vte_2, 0xffff)
                0x0000ffff                PROVIDE (__vte_3, 0xffff)
                0x0000ffff                PROVIDE (__vte_4, 0xffff)
                0x0000ffff                PROVIDE (__vte_5, 0xffff)
                0x0000ffff                PROVIDE (__vte_6, 0xffff)
                0x0000ffff                PROVIDE (__vte_7, 0xffff)
                0x0000ffff                PROVIDE (__vte_8, 0xffff)
                0x0000ffff                PROVIDE (__vte_9, 0xffff)
                0x0000ffff                PROVIDE (__vte_10, 0xffff)
                0x0000ffff                PROVIDE (__vte_11, 0xffff)
                0x0000ffff                PROVIDE (__vte_12, 0xffff)
                0x0000ffff                PROVIDE (__vte_13, 0xffff)
                0x0000ffff                PROVIDE (__vte_14, 0xffff)
                0x0000ffff                PROVIDE (__vte_15, 0xffff)
                0x0000ffff                PROVIDE (__vte_16, 0xffff)
                0x0000ffff                PROVIDE (__vte_17, 0xffff)
                0x0000ffff                PROVIDE (__vte_18, 0xffff)
                0x0000ffff                PROVIDE (__vte_19, 0xffff)
                0x0000ffff                PROVIDE (__vte_20, 0xffff)
                0x0000ffff                PROVIDE (__vte_21, 0xffff)
                0x0000ffff                PROVIDE (__vte_22, 0xffff)
                0x0000ffff                PROVIDE (__vte_23, 0xffff)
                0x0000ffff                PROVIDE (__vte_24, 0xffff)
                0x0000ffff                PROVIDE (__vte_25, 0xffff)
                0x0000ffff                PROVIDE (__vte_26, 0xffff)
                0x0000ffff                PROVIDE (__vte_27, 0xffff)
                0x0000ffff                PROVIDE (__vte_28, 0xffff)
                0x0000ffff                PROVIDE (__vte_29, 0xffff)
                0x0000ffff                PROVIDE (__vte_30, 0xffff)
                0x0000ffff                PROVIDE (__vte_31, 0xffff)

.vectors        0x0000ffe0       0x20
                0x0000ffe0                __vectors_start = .
 *(SORT(.vectors*))
 .vectors       0x0000ffe0       0x20 /usr/local/bin/../lib/gcc/msp430/4.7.2/mmpy-16/crt0ivtbl16.o
                0x0000ffe0                __ivtbl_16
                0x00010000                _vectors_end = .

.fartext        0x00000000        0x0
                0x00000000                . = ALIGN (0x2)
 *(SORT(.fartext) SORT(.fartext.*))

.far.text       0x00000000        0x0
                0x00000000                . = ALIGN (0x2)
 *(SORT(.far.text) SORT(.far.text.*))

.far.rodata     0x00000000        0x0
                0x00000000                . = ALIGN (0x2)
 *(SORT(.far.rodata) SORT(.far.rodata.*))
                0x00000000                . = ALIGN (0x2)
                0x00000000                _efartext = .

.far.data       0x00000000        0x0
                0x00000000                . = ALIGN (0x2)
                0x00000000                __far_data_start = .
 *(SORT(.far.data) SORT(.far.data.*))
                0x00000000                . = ALIGN (0x2)
                0x00000000                _efardata = .
                0x00000000                __far_data_load_start = LOADADDR (.far.data)
                0x00000000                __far_data_size = SIZEOF (.far.data)

.far.bss        0x00000000        0x0
                0x00000000                . = ALIGN (0x2)
                0x00000000                __far_bss_start = .
 *(SORT(.far.bss) SORT(.far.bss.*))
                0x00000000                . = ALIGN (0x2)
                0x00000000                __far_bss_end = .
                0x00000000                __far_bss_size = SIZEOF (.far.bss)
                0x00000000                . = ALIGN (0x2)
                0x00000000                _far_end = .

.profiler
 *(SORT(.profiler))

.stab
 *(SORT(.stab))

.stabstr
 *(SORT(.stabstr))

.stab.excl
 *(SORT(.stab.excl))

.stab.exclstr
 *(SORT(.stab.exclstr))

.stab.index
 *(SORT(.stab.index))

.stab.indexstr
 *(SORT(.stab.indexstr))

.comment        0x00000000       0x30
 *(SORT(.comment))
 .comment       0x00000000       0x30 build/sky/obj/autostart.o
                                 0x31 (size before relaxing)
 .comment       0x00000000       0x31 build/sky/obj/button-sensor.o
 .comment       0x00000000       0x31 build/sky/obj/cc2420-arch-sfd.o
 .comment       0x00000000       0x31 build/sky/obj/cc2420-arch.o
 .comment       0x00000000       0x31 build/sky/obj/cc2420.o
 .comment       0x00000000       0x31 build/sky/obj/clock.o
 .comment       0x00000000       0x31 build/sky/obj/contiki-main.o
 .comment       0x00000000       0x31 build/sky/obj/contiki-sky-platform.o
 .comment       0x00000000       0x31 build/sky/obj/csma-output.o
 .comment       0x00000000       0x31 build/sky/obj/csma-security.o
 .comment       0x00000000       0x31 build/sky/obj/csma.o
 .comment       0x00000000       0x31 build/sky/obj/ctimer.o
 .comment       0x00000000       0x31 build/sky/obj/ds2411.o
 .comment       0x00000000       0x31 build/sky/obj/energest.o
 .comment       0x00000000       0x31 build/sky/obj/etimer.o
 .comment       0x00000000       0x31 build/sky/obj/frame802154.o
 .comment       0x00000000       0x31 build/sky/obj/framer-802154.o
 .comment       0x00000000       0x31 build/sky/obj/leds-arch.o
 .comment       0x00000000       0x31 build/sky/obj/leds.o
 .comment       0x00000000       0x31 build/sky/obj/linkaddr.o
 .comment       0x00000000       0x31 build/sky/obj/list.o
 .comment       0x00000000       0x31 build/sky/obj/log.o
 .comment       0x00000000       0x31 build/sky/obj/mac-sequence.o
 .comment       0x00000000       0x31 build/sky/obj/mac.o
 .comment       0x00000000       0x31 build/sky/obj/main.o
 .comment       0x00000000       0x31 build/sky/obj/memb.o
 .comment       0x00000000       0x31 build/sky/obj/msp430.o
 .comment       0x00000000       0x31 build/sky/obj/netstack.o
 .comment       0x00000000       0x31 build/sky/obj/node-id.o
 .comment       0x00000000       0x31 build/sky/obj/nullnet.o
 .comment       0x00000000       0x31 build/sky/obj/nullrouting.o
 .comment       0x00000000       0x31 build/sky/obj/packetbuf.o
 .comment       0x00000000       0x31 build/sky/obj/platform.o
 .comment       0x00000000       0x31 build/sky/obj/process.o
 .comment       0x00000000       0x31 build/sky/obj/queuebuf.o
 .comment       0x00000000       0x31 build/sky/obj/random.o
 .comment       0x00000000       0x31 build/sky/obj/ringbuf.o
 .comment       0x00000000       0x31 build/sky/obj/rtimer-arch.o
 .comment       0x00000000       0x31 build/sky/obj/rtimer.o
 .comment       0x00000000       0x31 build/sky/obj/sensors.o
 .comment       0x00000000       0x31 build/sky/obj/serial-line.o
 .comment       0x00000000       0x31 build/sky/obj/spi-legacy.o
 .comment       0x00000000       0x31 build/sky/obj/stack-check.o
 .comment       0x00000000       0x31 build/sky/obj/timer.o
 .comment       0x00000000       0x31 build/sky/obj/uart1-putchar.o
 .comment       0x00000000       0x31 build/sky/obj/uart1.o
 .comment       0x00000000       0x31 build/sky/obj/watchdog.o
 .comment       0x00000000       0x31 build/sky/obj/xmem.o
 .comment       0x00000000       0x31 /usr/local/bin/../lib/gcc/msp430/4.7.2/../../../../msp430/lib/mmpy-16/libc.a(malloc.o)
 .comment       0x00000000       0x31 /usr/local/bin/../lib/gcc/msp430/4.7.2/../../../../msp430/lib/mmpy-16/libc.a(printf.o)
 .comment       0x00000000       0x31 /usr/local/bin/../lib/gcc/msp430/4.7.2/../../../../msp430/lib/mmpy-16/libc.a(vuprintf.o)
 .comment       0x00000000       0x31 /usr/local/bin/../lib/gcc/msp430/4.7.2/../../../../msp430/lib/mmpy-16/libc.a(puts.o)
 .comment       0x00000000       0x31 /usr/local/bin/../lib/gcc/msp430/4.7.2/../../../../msp430/lib/mmpy-16/libc.a(rand.o)
 .comment       0x00000000       0x31 /usr/local/bin/../lib/gcc/msp430/4.7.2/../../../../msp430/lib/mmpy-16/libc.a(memcmp.o)
 .comment       0x00000000       0x31 /usr/local/bin/../lib/gcc/msp430/4.7.2/../../../../msp430/lib/mmpy-16/libc.a(memcpy.o)
 .comment       0x00000000       0x31 /usr/local/bin/../lib/gcc/msp430/4.7.2/../../../../msp430/lib/mmpy-16/libc.a(memset.o)

.debug
 *(SORT(.debug))

.line
 *(SORT(.line))

.debug_srcinfo
 *(SORT(.debug_srcinfo))

.debug_sfnames
 *(SORT(.debug_sfnames))

.debug_aranges  0x00000000      0x190
 *(SORT(.debug_aranges))
 .debug_aranges
                0x00000000       0x14 /usr/local/bin/../lib/gcc/msp430/4.7.2/mmpy-16/crt0ivtbl16.o
 .debug_aranges
                0x00000014       0x14 /usr/local/bin/../lib/gcc/msp430/4.7.2/mmpy-16/libgcc.a(_mulsi3.o)
 .debug_aranges
                0x00000028       0x14 /usr/local/bin/../lib/gcc/msp430/4.7.2/mmpy-16/libgcc.a(_udivmod16.o)
 .debug_aranges
                0x0000003c       0x14 /usr/local/bin/../lib/gcc/msp430/4.7.2/mmpy-16/libgcc.a(_udivmod32.o)
 .debug_aranges
                0x00000050       0x14 /usr/local/bin/../lib/gcc/msp430/4.7.2/mmpy-16/libgcc.a(_udivmod64.o)
 .debug_aranges
                0x00000064       0x14 /usr/local/bin/../lib/gcc/msp430/4.7.2/mmpy-16/libcrt0.a(__watchdog_support.o)
 .debug_aranges
                0x00000078       0x14 /usr/local/bin/../lib/gcc/msp430/4.7.2/mmpy-16/libcrt0.a(__init_stack.o)
 .debug_aranges
                0x0000008c       0x14 /usr/local/bin/../lib/gcc/msp430/4.7.2/mmpy-16/libcrt0.a(_copy_data.o)
 .debug_aranges
                0x000000a0       0x14 /usr/local/bin/../lib/gcc/msp430/4.7.2/mmpy-16/libcrt0.a(_clear_bss.o)
 .debug_aranges
                0x000000b4       0x14 /usr/local/bin/../lib/gcc/msp430/4.7.2/mmpy-16/libcrt0.a(_endless_loop__.o)
 .debug_aranges
                0x000000c8       0x14 /usr/local/bin/../lib/gcc/msp430/4.7.2/mmpy-16/libcrt0.a(_unexpected_.o)
 .debug_aranges
                0x000000dc       0x18 /usr/local/bin/../lib/gcc/msp430/4.7.2/../../../../msp430/lib/mmpy-16/libc.a(malloc.o)
 .debug_aranges
                0x000000f4       0x18 /usr/local/bin/../lib/gcc/msp430/4.7.2/../../../../msp430/lib/mmpy-16/libc.a(printf.o)
 .debug_aranges
                0x0000010c       0x18 /usr/local/bin/../lib/gcc/msp430/4.7.2/../../../../msp430/lib/mmpy-16/libc.a(vuprintf.o)
 .debug_aranges
                0x00000124       0x14 /usr/local/bin/../lib/gcc/msp430/4.7.2/../../../../msp430/lib/mmpy-16/libc.a(puts.o)
 .debug_aranges
                0x00000138       0x1c /usr/local/bin/../lib/gcc/msp430/4.7.2/../../../../msp430/lib/mmpy-16/libc.a(rand.o)
 .debug_aranges
                0x00000154       0x14 /usr/local/bin/../lib/gcc/msp430/4.7.2/../../../../msp430/lib/mmpy-16/libc.a(memcmp.o)
 .debug_aranges
                0x00000168       0x14 /usr/local/bin/../lib/gcc/msp430/4.7.2/../../../../msp430/lib/mmpy-16/libc.a(memcpy.o)
 .debug_aranges
                0x0000017c       0x14 /usr/local/bin/../lib/gcc/msp430/4.7.2/../../../../msp430/lib/mmpy-16/libc.a(memset.o)

.debug_pubnames
 *(SORT(.debug_pubnames))

.debug_info     0x00000000     0x13dd
 *(SORT(.debug_info))
 .debug_info    0x00000000       0x8f /usr/local/bin/../lib/gcc/msp430/4.7.2/mmpy-16/crt0ivtbl16.o
 .debug_info    0x0000008f       0x8c /usr/local/bin/../lib/gcc/msp430/4.7.2/mmpy-16/libgcc.a(_mulsi3.o)
 .debug_info    0x0000011b       0x8c /usr/local/bin/../lib/gcc/msp430/4.7.2/mmpy-16/libgcc.a(_udivmod16.o)
 .debug_info    0x000001a7       0x8c /usr/local/bin/../lib/gcc/msp430/4.7.2/mmpy-16/libgcc.a(_udivmod32.o)
 .debug_info    0x00000233      0x16b /usr/local/bin/../lib/gcc/msp430/4.7.2/../../../../msp430/lib/mmpy-16/libc.a(malloc.o)
 .debug_info    0x0000039e      0x16e /usr/local/bin/../lib/gcc/msp430/4.7.2/../../../../msp430/lib/mmpy-16/libc.a(printf.o)
 .debug_info    0x0000050c      0x5d4 /usr/local/bin/../lib/gcc/msp430/4.7.2/../../../../msp430/lib/mmpy-16/libc.a(vuprintf.o)
 .debug_info    0x00000ae0       0xc7 /usr/local/bin/../lib/gcc/msp430/4.7.2/../../../../msp430/lib/mmpy-16/libc.a(puts.o)
 .debug_info    0x00000ba7      0x146 /usr/local/bin/../lib/gcc/msp430/4.7.2/../../../../msp430/lib/mmpy-16/libc.a(rand.o)
 .debug_info    0x00000ced       0xe5 /usr/local/bin/../lib/gcc/msp430/4.7.2/../../../../msp430/lib/mmpy-16/libc.a(memcmp.o)
 .debug_info    0x00000dd2      0x12c /usr/local/bin/../lib/gcc/msp430/4.7.2/../../../../msp430/lib/mmpy-16/libc.a(memcpy.o)
 .debug_info    0x00000efe      0x117 /usr/local/bin/../lib/gcc/msp430/4.7.2/../../../../msp430/lib/mmpy-16/libc.a(memset.o)
 .debug_info    0x00001015       0x8c /usr/local/bin/../lib/gcc/msp430/4.7.2/mmpy-16/libgcc.a(_udivmod64.o)
 .debug_info    0x000010a1       0x8a /usr/local/bin/../lib/gcc/msp430/4.7.2/mmpy-16/libcrt0.a(__watchdog_support.o)
 .debug_info    0x0000112b       0x8a /usr/local/bin/../lib/gcc/msp430/4.7.2/mmpy-16/libcrt0.a(__init_stack.o)
 .debug_info    0x000011b5       0x8a /usr/local/bin/../lib/gcc/msp430/4.7.2/mmpy-16/libcrt0.a(_copy_data.o)
 .debug_info    0x0000123f       0x8a /usr/local/bin/../lib/gcc/msp430/4.7.2/mmpy-16/libcrt0.a(_clear_bss.o)
 .debug_info    0x000012c9       0x8a /usr/local/bin/../lib/gcc/msp430/4.7.2/mmpy-16/libcrt0.a(_endless_loop__.o)
 .debug_info    0x00001353       0x8a /usr/local/bin/../lib/gcc/msp430/4.7.2/mmpy-16/libcrt0.a(_unexpected_.o)
 *(SORT(.gnu.linkonce.wi.*))

.debug_abbrev   0x00000000      0x8a8
 *(SORT(.debug_abbrev))
 .debug_abbrev  0x00000000       0x14 /usr/local/bin/../lib/gcc/msp430/4.7.2/mmpy-16/crt0ivtbl16.o
 .debug_abbrev  0x00000014       0x14 /usr/local/bin/../lib/gcc/msp430/4.7.2/mmpy-16/libgcc.a(_mulsi3.o)
 .debug_abbrev  0x00000028       0x14 /usr/local/bin/../lib/gcc/msp430/4.7.2/mmpy-16/libgcc.a(_udivmod16.o)
 .debug_abbrev  0x0000003c       0x14 /usr/local/bin/../lib/gcc/msp430/4.7.2/mmpy-16/libgcc.a(_udivmod32.o)
 .debug_abbrev  0x00000050      0x10c /usr/local/bin/../lib/gcc/msp430/4.7.2/../../../../msp430/lib/mmpy-16/libc.a(malloc.o)
 .debug_abbrev  0x0000015c       0xfa /usr/local/bin/../lib/gcc/msp430/4.7.2/../../../../msp430/lib/mmpy-16/libc.a(printf.o)
 .debug_abbrev  0x00000256      0x23e /usr/local/bin/../lib/gcc/msp430/4.7.2/../../../../msp430/lib/mmpy-16/libc.a(vuprintf.o)
 .debug_abbrev  0x00000494       0xa3 /usr/local/bin/../lib/gcc/msp430/4.7.2/../../../../msp430/lib/mmpy-16/libc.a(puts.o)
 .debug_abbrev  0x00000537       0xfb /usr/local/bin/../lib/gcc/msp430/4.7.2/../../../../msp430/lib/mmpy-16/libc.a(rand.o)
 .debug_abbrev  0x00000632       0x9e /usr/local/bin/../lib/gcc/msp430/4.7.2/../../../../msp430/lib/mmpy-16/libc.a(memcmp.o)
 .debug_abbrev  0x000006d0       0xab /usr/local/bin/../lib/gcc/msp430/4.7.2/../../../../msp430/lib/mmpy-16/libc.a(memcpy.o)
 .debug_abbrev  0x0000077b       0xa1 /usr/local/bin/../lib/gcc/msp430/4.7.2/../../../../msp430/lib/mmpy-16/libc.a(memset.o)
 .debug_abbrev  0x0000081c       0x14 /usr/local/bin/../lib/gcc/msp430/4.7.2/mmpy-16/libgcc.a(_udivmod64.o)
 .debug_abbrev  0x00000830       0x14 /usr/local/bin/../lib/gcc/msp430/4.7.2/mmpy-16/libcrt0.a(__watchdog_support.o)
 .debug_abbrev  0x00000844       0x14 /usr/local/bin/../lib/gcc/msp430/4.7.2/mmpy-16/libcrt0.a(__init_stack.o)
 .debug_abbrev  0x00000858       0x14 /usr/local/bin/../lib/gcc/msp430/4.7.2/mmpy-16/libcrt0.a(_copy_data.o)
 .debug_abbrev  0x0000086c       0x14 /usr/local/bin/../lib/gcc/msp430/4.7.2/mmpy-16/libcrt0.a(_clear_bss.o)
 .debug_abbrev  0x00000880       0x14 /usr/local/bin/../lib/gcc/msp430/4.7.2/mmpy-16/libcrt0.a(_endless_loop__.o)
 .debug_abbrev  0x00000894       0x14 /usr/local/bin/../lib/gcc/msp430/4.7.2/mmpy-16/libcrt0.a(_unexpected_.o)

.debug_line     0x00000000      0xce9
 *(SORT(.debug_line))
 .debug_line    0x00000000       0x64 /usr/local/bin/../lib/gcc/msp430/4.7.2/mmpy-16/crt0ivtbl16.o
 .debug_line    0x00000064       0x77 /usr/local/bin/../lib/gcc/msp430/4.7.2/mmpy-16/libgcc.a(_mulsi3.o)
 .debug_line    0x000000db       0x70 /usr/local/bin/../lib/gcc/msp430/4.7.2/mmpy-16/libgcc.a(_udivmod16.o)
 .debug_line    0x0000014b       0x7f /usr/local/bin/../lib/gcc/msp430/4.7.2/mmpy-16/libgcc.a(_udivmod32.o)
 .debug_line    0x000001ca       0xee /usr/local/bin/../lib/gcc/msp430/4.7.2/../../../../msp430/lib/mmpy-16/libc.a(malloc.o)
 .debug_line    0x000002b8       0xa9 /usr/local/bin/../lib/gcc/msp430/4.7.2/../../../../msp430/lib/mmpy-16/libc.a(printf.o)
 .debug_line    0x00000361      0x30a /usr/local/bin/../lib/gcc/msp430/4.7.2/../../../../msp430/lib/mmpy-16/libc.a(vuprintf.o)
 .debug_line    0x0000066b       0x65 /usr/local/bin/../lib/gcc/msp430/4.7.2/../../../../msp430/lib/mmpy-16/libc.a(puts.o)
 .debug_line    0x000006d0       0x68 /usr/local/bin/../lib/gcc/msp430/4.7.2/../../../../msp430/lib/mmpy-16/libc.a(rand.o)
 .debug_line    0x00000738       0x8f /usr/local/bin/../lib/gcc/msp430/4.7.2/../../../../msp430/lib/mmpy-16/libc.a(memcmp.o)
 .debug_line    0x000007c7      0x118 /usr/local/bin/../lib/gcc/msp430/4.7.2/../../../../msp430/lib/mmpy-16/libc.a(memcpy.o)
 .debug_line    0x000008df       0xf2 /usr/local/bin/../lib/gcc/msp430/4.7.2/../../../../msp430/lib/mmpy-16/libc.a(memset.o)
 .debug_line    0x000009d1       0xc9 /usr/local/bin/../lib/gcc/msp430/4.7.2/mmpy-16/libgcc.a(_udivmod64.o)
 .debug_line    0x00000a9a       0x62 /usr/local/bin/../lib/gcc/msp430/4.7.2/mmpy-16/libcrt0.a(__watchdog_support.o)
 .debug_line    0x00000afc       0x60 /usr/local/bin/../lib/gcc/msp430/4.7.2/mmpy-16/libcrt0.a(__init_stack.o)
 .debug_line    0x00000b5c       0x66 /usr/local/bin/../lib/gcc/msp430/4.7.2/mmpy-16/libcrt0.a(_copy_data.o)
 .debug_line    0x00000bc2       0x66 /usr/local/bin/../lib/gcc/msp430/4.7.2/mmpy-16/libcrt0.a(_clear_bss.o)
 .debug_line    0x00000c28       0x61 /usr/local/bin/../lib/gcc/msp430/4.7.2/mmpy-16/libcrt0.a(_endless_loop__.o)
 .debug_line    0x00000c89       0x60 /usr/local/bin/../lib/gcc/msp430/4.7.2/mmpy-16/libcrt0.a(_unexpected_.o)

.debug_frame    0x00000000      0x1f4
 *(SORT(.debug_frame))
 .debug_frame   0x00000000       0x3e /usr/local/bin/../lib/gcc/msp430/4.7.2/../../../../msp430/lib/mmpy-16/libc.a(malloc.o)
 .debug_frame   0x0000003e       0x2a /usr/local/bin/../lib/gcc/msp430/4.7.2/../../../../msp430/lib/mmpy-16/libc.a(printf.o)
 .debug_frame   0x00000068       0xa0 /usr/local/bin/../lib/gcc/msp430/4.7.2/../../../../msp430/lib/mmpy-16/libc.a(vuprintf.o)
 .debug_frame   0x00000108       0x24 /usr/local/bin/../lib/gcc/msp430/4.7.2/../../../../msp430/lib/mmpy-16/libc.a(puts.o)
 .debug_frame   0x0000012c       0x3c /usr/local/bin/../lib/gcc/msp430/4.7.2/../../../../msp430/lib/mmpy-16/libc.a(rand.o)
 .debug_frame   0x00000168       0x28 /usr/local/bin/../lib/gcc/msp430/4.7.2/../../../../msp430/lib/mmpy-16/libc.a(memcmp.o)
 .debug_frame   0x00000190       0x32 /usr/local/bin/../lib/gcc/msp430/4.7.2/../../../../msp430/lib/mmpy-16/libc.a(memcpy.o)
 .debug_frame   0x000001c2       0x32 /usr/local/bin/../lib/gcc/msp430/4.7.2/../../../../msp430/lib/mmpy-16/libc.a(memset.o)

.debug_str      0x00000000      0x41a
 *(SORT(.debug_str))
 .debug_str     0x00000000       0xf5 /usr/local/bin/../lib/gcc/msp430/4.7.2/../../../../msp430/lib/mmpy-16/libc.a(malloc.o)
                                0x144 (size before relaxing)
 .debug_str     0x000000f5       0x49 /usr/local/bin/../lib/gcc/msp430/4.7.2/../../../../msp430/lib/mmpy-16/libc.a(printf.o)
                                0x12a (size before relaxing)
 .debug_str     0x0000013e      0x218 /usr/local/bin/../lib/gcc/msp430/4.7.2/../../../../msp430/lib/mmpy-16/libc.a(vuprintf.o)
                                0x375 (size before relaxing)
 .debug_str     0x00000356       0x1d /usr/local/bin/../lib/gcc/msp430/4.7.2/../../../../msp430/lib/mmpy-16/libc.a(puts.o)
                                 0xef (size before relaxing)
 .debug_str     0x00000373       0x2a /usr/local/bin/../lib/gcc/msp430/4.7.2/../../../../msp430/lib/mmpy-16/libc.a(rand.o)
                                0x106 (size before relaxing)
 .debug_str     0x0000039d       0x19 /usr/local/bin/../lib/gcc/msp430/4.7.2/../../../../msp430/lib/mmpy-16/libc.a(memcmp.o)
                                 0xf2 (size before relaxing)
 .debug_str     0x000003b6       0x3e /usr/local/bin/../lib/gcc/msp430/4.7.2/../../../../msp430/lib/mmpy-16/libc.a(memcpy.o)
                                0x120 (size before relaxing)
 .debug_str     0x000003f4       0x26 /usr/local/bin/../lib/gcc/msp430/4.7.2/../../../../msp430/lib/mmpy-16/libc.a(memset.o)
                                0x11e (size before relaxing)

.debug_loc      0x00000000      0xcfb
 *(SORT(.debug_loc))
 .debug_loc     0x00000000      0x11a /usr/local/bin/../lib/gcc/msp430/4.7.2/../../../../msp430/lib/mmpy-16/libc.a(malloc.o)
 .debug_loc     0x0000011a       0x4c /usr/local/bin/../lib/gcc/msp430/4.7.2/../../../../msp430/lib/mmpy-16/libc.a(printf.o)
 .debug_loc     0x00000166      0x80f /usr/local/bin/../lib/gcc/msp430/4.7.2/../../../../msp430/lib/mmpy-16/libc.a(vuprintf.o)
 .debug_loc     0x00000975       0x26 /usr/local/bin/../lib/gcc/msp430/4.7.2/../../../../msp430/lib/mmpy-16/libc.a(puts.o)
 .debug_loc     0x0000099b       0x4f /usr/local/bin/../lib/gcc/msp430/4.7.2/../../../../msp430/lib/mmpy-16/libc.a(rand.o)
 .debug_loc     0x000009ea       0x4d /usr/local/bin/../lib/gcc/msp430/4.7.2/../../../../msp430/lib/mmpy-16/libc.a(memcmp.o)
 .debug_loc     0x00000a37      0x1e3 /usr/local/bin/../lib/gcc/msp430/4.7.2/../../../../msp430/lib/mmpy-16/libc.a(memcpy.o)
 .debug_loc     0x00000c1a       0xe1 /usr/local/bin/../lib/gcc/msp430/4.7.2/../../../../msp430/lib/mmpy-16/libc.a(memset.o)

.debug_macinfo
 *(SORT(.debug_macinfo))

.debug_pubtypes
 *(SORT(.debug_pubtypes))

.debug_ranges   0x00000000       0x78
 *(SORT(.debug_ranges))
 .debug_ranges  0x00000000       0x18 /usr/local/bin/../lib/gcc/msp430/4.7.2/../../../../msp430/lib/mmpy-16/libc.a(malloc.o)
 .debug_ranges  0x00000018        0xc /usr/local/bin/../lib/gcc/msp430/4.7.2/../../../../msp430/lib/mmpy-16/libc.a(printf.o)
 .debug_ranges  0x00000024       0x24 /usr/local/bin/../lib/gcc/msp430/4.7.2/../../../../msp430/lib/mmpy-16/libc.a(vuprintf.o)
 .debug_ranges  0x00000048        0x8 /usr/local/bin/../lib/gcc/msp430/4.7.2/../../../../msp430/lib/mmpy-16/libc.a(puts.o)
 .debug_ranges  0x00000050       0x10 /usr/local/bin/../lib/gcc/msp430/4.7.2/../../../../msp430/lib/mmpy-16/libc.a(rand.o)
 .debug_ranges  0x00000060        0x8 /usr/local/bin/../lib/gcc/msp430/4.7.2/../../../../msp430/lib/mmpy-16/libc.a(memcmp.o)
 .debug_ranges  0x00000068        0x8 /usr/local/bin/../lib/gcc/msp430/4.7.2/../../../../msp430/lib/mmpy-16/libc.a(memcpy.o)
 .debug_ranges  0x00000070        0x8 /usr/local/bin/../lib/gcc/msp430/4.7.2/../../../../msp430/lib/mmpy-16/libc.a(memset.o)
                0x00003900                PROVIDE (__stack, (ORIGIN (ram) + 0x2800))
                0x0000885a                __data_start_rom = _etext
                0x0000893a                __data_end_rom = (_etext + SIZEOF (.data))
OUTPUT(build/sky/main.sky elf32-msp430)
