Archive member included because of file (symbol)

/usr/local/bin/../lib/gcc/msp430/4.7.2/mmpy-16/libgcc.a(_mulsi3.o)
                              build/sky/obj/cfs-coffee.o (__mulsi3)
/usr/local/bin/../lib/gcc/msp430/4.7.2/mmpy-16/libgcc.a(_udivmod16.o)
                              build/sky/obj/cfs-coffee.o (__udivhi3)
/usr/local/bin/../lib/gcc/msp430/4.7.2/mmpy-16/libgcc.a(_divmod16.o)
                              build/sky/obj/link-stats.o (__divhi3)
/usr/local/bin/../lib/gcc/msp430/4.7.2/mmpy-16/libgcc.a(_udivmod32.o)
                              build/sky/obj/ifft.o (__udivsi3)
/usr/local/bin/../lib/gcc/msp430/4.7.2/mmpy-16/libgcc.a(_divmod32.o)
                              build/sky/obj/cfs-coffee.o (__divsi3)
/usr/local/bin/../lib/gcc/msp430/4.7.2/../../../../msp430/lib/mmpy-16/libc.a(printf.o)
                              build/sky/obj/assert.o (printf)
/usr/local/bin/../lib/gcc/msp430/4.7.2/../../../../msp430/lib/mmpy-16/libc.a(vuprintf.o)
                              /usr/local/bin/../lib/gcc/msp430/4.7.2/../../../../msp430/lib/mmpy-16/libc.a(printf.o) (vuprintf)
/usr/local/bin/../lib/gcc/msp430/4.7.2/../../../../msp430/lib/mmpy-16/libc.a(puts.o)
                              build/sky/obj/assert.o (puts)
/usr/local/bin/../lib/gcc/msp430/4.7.2/../../../../msp430/lib/mmpy-16/libc.a(rand.o)
                              build/sky/obj/random.o (rand)
/usr/local/bin/../lib/gcc/msp430/4.7.2/../../../../msp430/lib/mmpy-16/libc.a(strcmp.o)
                              build/sky/obj/cfs-coffee.o (strcmp)
/usr/local/bin/../lib/gcc/msp430/4.7.2/../../../../msp430/lib/mmpy-16/libc.a(strncmp.o)
                              build/sky/obj/sensors.o (strncmp)
/usr/local/bin/../lib/gcc/msp430/4.7.2/../../../../msp430/lib/mmpy-16/libc.a(memcmp.o)
                              build/sky/obj/linkaddr.o (memcmp)
/usr/local/bin/../lib/gcc/msp430/4.7.2/../../../../msp430/lib/mmpy-16/libc.a(strncpy.o)
                              build/sky/obj/cfs-coffee.o (strncpy)
/usr/local/bin/../lib/gcc/msp430/4.7.2/../../../../msp430/lib/mmpy-16/libc.a(memcpy.o)
                              build/sky/obj/aes-128.o (memcpy)
/usr/local/bin/../lib/gcc/msp430/4.7.2/../../../../msp430/lib/mmpy-16/libc.a(memset.o)
                              build/sky/obj/cfs-coffee.o (memset)
/usr/local/bin/../lib/gcc/msp430/4.7.2/mmpy-16/libgcc.a(_udivmod64.o)
                              /usr/local/bin/../lib/gcc/msp430/4.7.2/../../../../msp430/lib/mmpy-16/libc.a(vuprintf.o) (__udivdi3)
/usr/local/bin/../lib/gcc/msp430/4.7.2/mmpy-16/libcrt0.a(_reset_vector__.o)
                              (_reset_vector__)
/usr/local/bin/../lib/gcc/msp430/4.7.2/mmpy-16/libcrt0.a(__watchdog_support.o)
                              /usr/local/bin/../lib/gcc/msp430/4.7.2/mmpy-16/libcrt0.a(_reset_vector__.o) (__watchdog_support)
/usr/local/bin/../lib/gcc/msp430/4.7.2/mmpy-16/libcrt0.a(__init_stack.o)
                              /usr/local/bin/../lib/gcc/msp430/4.7.2/mmpy-16/libcrt0.a(_reset_vector__.o) (__init_stack)
/usr/local/bin/../lib/gcc/msp430/4.7.2/mmpy-16/libcrt0.a(__low_level_init.o)
                              /usr/local/bin/../lib/gcc/msp430/4.7.2/mmpy-16/libcrt0.a(_reset_vector__.o) (__low_level_init)
/usr/local/bin/../lib/gcc/msp430/4.7.2/mmpy-16/libcrt0.a(_copy_data.o)
                              /usr/local/bin/../lib/gcc/msp430/4.7.2/mmpy-16/libcrt0.a(_reset_vector__.o) (__do_copy_data)
/usr/local/bin/../lib/gcc/msp430/4.7.2/mmpy-16/libcrt0.a(_clear_bss.o)
                              /usr/local/bin/../lib/gcc/msp430/4.7.2/mmpy-16/libcrt0.a(_reset_vector__.o) (__do_clear_bss)
/usr/local/bin/../lib/gcc/msp430/4.7.2/mmpy-16/libcrt0.a(__stop_progExec__.o)
                              /usr/local/bin/../lib/gcc/msp430/4.7.2/mmpy-16/libcrt0.a(_reset_vector__.o) (__stop_progExec__)
/usr/local/bin/../lib/gcc/msp430/4.7.2/mmpy-16/libcrt0.a(_endless_loop__.o)
                              /usr/local/bin/../lib/gcc/msp430/4.7.2/mmpy-16/libcrt0.a(_reset_vector__.o) (_endless_loop__)
/usr/local/bin/../lib/gcc/msp430/4.7.2/mmpy-16/libcrt0.a(_unexpected_.o)
                              /usr/local/bin/../lib/gcc/msp430/4.7.2/mmpy-16/crt0ivtbl16.o (_unexpected_)

Allocating common symbols
Common symbol       size              file

compower_idle_activity
                    0x10              build/sky/obj/compower.o
nullnet_buf         0x2               build/sky/obj/nullnet.o
energest_total_time
                    0x28              build/sky/obj/energest.o
cc2420_last_rssi    0x1               build/sky/obj/cc2420.o
cc2420_sfd_start_time
                    0x2               build/sky/obj/cc2420.o
exp_done            0x1               build/sky/obj/main.o
button_hal_release_event
                    0x1               build/sky/obj/button-hal.o
energest_current_mode
                    0x5               build/sky/obj/energest.o
packetbuf_addrs     0x10              build/sky/obj/packetbuf.o
button_hal_periodic_event
[...]
Memory Configuration

Name             Origin             Length             Attributes
sfr              0x00000000         0x00000010
peripheral_8bit  0x00000010         0x000000f0
peripheral_16bit 0x00000100         0x00000100
ram_mirror       0x00000200         0x00000800         xw
infomem          0x00001000         0x00000100
infob            0x00001000         0x00000080
infoa            0x00001080         0x00000080
ram              0x00001100         0x00002800         xw
rom              0x00004000         0x0000bfe0         xr
vectors          0x0000ffe0         0x00000020
bsl              0x00000000         0x00000000
infoc            0x00000000         0x00000000
infod            0x00000000         0x00000000
ram2             0x00000000         0x00000000         xw
usbram           0x00000000         0x00000000         xw
far_rom          0x00000000         0x00000000
*default*        0x00000000         0xffffffff

Linker script and memory map

LOAD /usr/local/bin/../lib/gcc/msp430/4.7.2/mmpy-16/crt0ivtbl16.o
                0x00001e0e                _stack = _end
LOAD build/sky/obj/aes-128.o
LOAD build/sky/obj/anti-replay.o
LOAD build/sky/obj/assert.o
LOAD build/sky/obj/atomic.o
LOAD build/sky/obj/autostart.o
LOAD build/sky/obj/battery-sensor.o
LOAD build/sky/obj/button-hal.o
LOAD build/sky/obj/button-sensor.o
LOAD build/sky/obj/cc2420-arch-sfd.o
LOAD build/sky/obj/cc2420-arch.o
LOAD build/sky/obj/cc2420-tsch-15ms.o
LOAD build/sky/obj/cc2420.o
LOAD build/sky/obj/ccm-star-packetbuf.o
LOAD build/sky/obj/ccm-star.o
LOAD build/sky/obj/cfs-coffee.o
LOAD build/sky/obj/circular-list.o
LOAD build/sky/obj/clock.o
LOAD build/sky/obj/compower.o
LOAD build/sky/obj/contiki-main.o
LOAD build/sky/obj/contiki-sky-platform.o
LOAD build/sky/obj/crc16.o
LOAD build/sky/obj/csma-output.o
LOAD build/sky/obj/csma-security.o
LOAD build/sky/obj/csma.o
LOAD build/sky/obj/csprng.o
LOAD build/sky/obj/ctimer.o
LOAD build/sky/obj/dbl-circ-list.o
LOAD build/sky/obj/dbl-list.o
LOAD build/sky/obj/ds2411.o
LOAD build/sky/obj/energest.o
LOAD build/sky/obj/etimer.o
LOAD build/sky/obj/flash.o
LOAD build/sky/obj/frame802154.o
LOAD build/sky/obj/frame802154e-ie.o
LOAD build/sky/obj/framer-802154.o
LOAD build/sky/obj/gpio-hal.o
LOAD build/sky/obj/heapmem.o
LOAD build/sky/obj/hexconv.o
LOAD build/sky/obj/i2c.o
LOAD build/sky/obj/ifft.o
LOAD build/sky/obj/int-master.o
LOAD build/sky/obj/iq-seeder.o
LOAD build/sky/obj/leds-arch.o
LOAD build/sky/obj/leds.o
LOAD build/sky/obj/light-sensor.o
LOAD build/sky/obj/link-stats.o
LOAD build/sky/obj/linkaddr.o
LOAD build/sky/obj/list.o
LOAD build/sky/obj/log.o
LOAD build/sky/obj/lpm.o
LOAD build/sky/obj/mac-sequence.o
LOAD build/sky/obj/mac.o
LOAD build/sky/obj/main.o
LOAD build/sky/obj/memb.o
LOAD build/sky/obj/msp430.o
LOAD build/sky/obj/mutex.o
LOAD build/sky/obj/nbr-table.o
LOAD build/sky/obj/net-debug.o
LOAD build/sky/obj/netstack.o
LOAD build/sky/obj/node-id.o
LOAD build/sky/obj/nullframer.o
LOAD build/sky/obj/nullnet.o
LOAD build/sky/obj/nullradio.o
LOAD build/sky/obj/nullrouting.o
LOAD build/sky/obj/packetbuf.o
LOAD build/sky/obj/platform.o
LOAD build/sky/obj/process.o
LOAD build/sky/obj/queuebuf.o
LOAD build/sky/obj/random.o
LOAD build/sky/obj/ringbuf.o
LOAD build/sky/obj/ringbufindex.o
LOAD build/sky/obj/rtimer-arch.o
LOAD build/sky/obj/rtimer.o
LOAD build/sky/obj/sensors.o
LOAD build/sky/obj/serial-line.o
LOAD build/sky/obj/sht11-sensor.o
LOAD build/sky/obj/sht11.o
LOAD build/sky/obj/sky-sensors.o
LOAD build/sky/obj/slip_uart1.o
LOAD build/sky/obj/spi-legacy.o
LOAD build/sky/obj/spi.o
LOAD build/sky/obj/stack-check.o
LOAD build/sky/obj/stimer.o
LOAD build/sky/obj/timer.o
LOAD build/sky/obj/trickle-timer.o
LOAD build/sky/obj/uart1-putchar.o
LOAD build/sky/obj/uart1.o
LOAD build/sky/obj/uip-ipchksum.o
LOAD build/sky/obj/watchdog.o
LOAD build/sky/obj/xmem.o
LOAD /usr/local/bin/../lib/gcc/msp430/4.7.2/mmpy-16/libgcc.a
LOAD /usr/local/bin/../lib/gcc/msp430/4.7.2/../../../../msp430/lib/mmpy-16/libc.a
LOAD /usr/local/bin/../lib/gcc/msp430/4.7.2/mmpy-16/libgcc.a
LOAD /usr/local/bin/../lib/gcc/msp430/4.7.2/mmpy-16/libcrt0.a
                0x00000080                PROVIDE (__info_segment_size, 0x80)
                0x00001000                PROVIDE (__infob, 0x1000)
                0x00001080                PROVIDE (__infoa, 0x1080)
                0x00000000                __IE1 = 0x0
                0x00000002                __IFG1 = 0x2
                0x00000004                __ME1 = 0x4
                0x00000001                __IE2 = 0x1
                0x00000003                __IFG2 = 0x3
                0x00000005                __ME2 = 0x5
                0x00000120                __WDTCTL = 0x120
                0x00000130                __MPY = 0x130
                0x00000132                __MPYS = 0x132
                0x00000134                __MAC = 0x134
                0x00000136                __MACS = 0x136
                0x00000138                __OP2 = 0x138
                0x0000013a                __RESLO = 0x13a
                0x0000013c                __RESHI = 0x13c
                0x0000013e                __SUMEXT = 0x13e
                0x00000020                __P1IN = 0x20
                0x00000021                __P1OUT = 0x21
                0x00000022                __P1DIR = 0x22
                0x00000023                __P1IFG = 0x23
                0x00000024                __P1IES = 0x24
                0x00000025                __P1IE = 0x25
                0x00000026                __P1SEL = 0x26
                0x00000028                __P2IN = 0x28
                0x00000029                __P2OUT = 0x29
                0x0000002a                __P2DIR = 0x2a
                0x0000002b                __P2IFG = 0x2b
                0x0000002c                __P2IES = 0x2c
                0x0000002d                __P2IE = 0x2d
                0x0000002e                __P2SEL = 0x2e
                0x00000018                __P3IN = 0x18
                0x00000019                __P3OUT = 0x19
                0x0000001a                __P3DIR = 0x1a
                0x0000001b                __P3SEL = 0x1b
                0x0000001c                __P4IN = 0x1c
                0x0000001d                __P4OUT = 0x1d
                0x0000001e                __P4DIR = 0x1e
                0x0000001f                __P4SEL = 0x1f
                0x00000030                __P5IN = 0x30
                0x00000031                __P5OUT = 0x31
                0x00000032                __P5DIR = 0x32
                0x00000033                __P5SEL = 0x33
                0x00000034                __P6IN = 0x34
                0x00000035                __P6OUT = 0x35
                0x00000036                __P6DIR = 0x36
                0x00000037                __P6SEL = 0x37
                0x00000070                __U0CTL = 0x70
                0x00000071                __U0TCTL = 0x71
                0x00000072                __U0RCTL = 0x72
                0x00000073                __U0MCTL = 0x73
                0x00000074                __U0BR0 = 0x74
                0x00000075                __U0BR1 = 0x75
                0x00000076                __U0RXBUF = 0x76
                0x00000077                __U0TXBUF = 0x77
                0x00000078                __U1CTL = 0x78
                0x00000079                __U1TCTL = 0x79
                0x0000007a                __U1RCTL = 0x7a
                0x0000007b                __U1MCTL = 0x7b
                0x0000007c                __U1BR0 = 0x7c
                0x0000007d                __U1BR1 = 0x7d
                0x0000007e                __U1RXBUF = 0x7e
                0x0000007f                __U1TXBUF = 0x7f
                0x00000050                __I2CIE = 0x50
                0x00000051                __I2CIFG = 0x51
                0x00000052                __I2CNDAT = 0x52
                0x00000071                __I2CTCTL = 0x71
                0x00000072                __I2CDCTL = 0x72
                0x00000073                __I2CPSC = 0x73
                0x00000074                __I2CSCLH = 0x74
                0x00000075                __I2CSCLL = 0x75
                0x00000076                __I2CDRB = 0x76
                0x00000076                __I2CDRW = 0x76
                0x00000118                __I2COA = 0x118
                0x0000011a                __I2CSA = 0x11a
                0x0000011c                __I2CIV = 0x11c
                0x0000012e                __TAIV = 0x12e
                0x00000160                __TACTL = 0x160
                0x00000162                __TACCTL0 = 0x162
                0x00000164                __TACCTL1 = 0x164
                0x00000166                __TACCTL2 = 0x166
                0x00000170                __TAR = 0x170
                0x00000172                __TACCR0 = 0x172
                0x00000174                __TACCR1 = 0x174
                0x00000176                __TACCR2 = 0x176
                0x0000011e                __TBIV = 0x11e
                0x00000180                __TBCTL = 0x180
                0x00000182                __TBCCTL0 = 0x182
                0x00000184                __TBCCTL1 = 0x184
                0x00000186                __TBCCTL2 = 0x186
                0x00000188                __TBCCTL3 = 0x188
                0x0000018a                __TBCCTL4 = 0x18a
                0x0000018c                __TBCCTL5 = 0x18c
                0x0000018e                __TBCCTL6 = 0x18e
                0x00000190                __TBR = 0x190
                0x00000192                __TBCCR0 = 0x192
                0x00000194                __TBCCR1 = 0x194
                0x00000196                __TBCCR2 = 0x196
                0x00000198                __TBCCR3 = 0x198
                0x0000019a                __TBCCR4 = 0x19a
                0x0000019c                __TBCCR5 = 0x19c
                0x0000019e                __TBCCR6 = 0x19e
                0x00000056                __DCOCTL = 0x56
                0x00000057                __BCSCTL1 = 0x57
                0x00000058                __BCSCTL2 = 0x58
                0x00000055                __SVSCTL = 0x55
                0x00000128                __FCTL1 = 0x128
                0x0000012a                __FCTL2 = 0x12a
                0x0000012c                __FCTL3 = 0x12c
                0x00000059                __CACTL1 = 0x59
                0x0000005a                __CACTL2 = 0x5a
                0x0000005b                __CAPD = 0x5b
                0x000001a0                __ADC12CTL0 = 0x1a0
                0x000001a2                __ADC12CTL1 = 0x1a2
                0x000001a4                __ADC12IFG = 0x1a4
                0x000001a6                __ADC12IE = 0x1a6
                0x000001a8                __ADC12IV = 0x1a8
                0x00000140                __ADC12MEM0 = 0x140
                0x00000142                __ADC12MEM1 = 0x142
                0x00000144                __ADC12MEM2 = 0x144
                0x00000146                __ADC12MEM3 = 0x146
                0x00000148                __ADC12MEM4 = 0x148
                0x0000014a                __ADC12MEM5 = 0x14a
                0x0000014c                __ADC12MEM6 = 0x14c
                0x0000014e                __ADC12MEM7 = 0x14e
                0x00000150                __ADC12MEM8 = 0x150
                0x00000152                __ADC12MEM9 = 0x152
                0x00000154                __ADC12MEM10 = 0x154
                0x00000156                __ADC12MEM11 = 0x156
                0x00000158                __ADC12MEM12 = 0x158
                0x0000015a                __ADC12MEM13 = 0x15a
                0x0000015c                __ADC12MEM14 = 0x15c
                0x0000015e                __ADC12MEM15 = 0x15e
                0x00000080                __ADC12MCTL0 = 0x80
                0x00000081                __ADC12MCTL1 = 0x81
                0x00000082                __ADC12MCTL2 = 0x82
                0x00000083                __ADC12MCTL3 = 0x83
                0x00000084                __ADC12MCTL4 = 0x84
                0x00000085                __ADC12MCTL5 = 0x85
                0x00000086                __ADC12MCTL6 = 0x86
                0x00000087                __ADC12MCTL7 = 0x87
                0x00000088                __ADC12MCTL8 = 0x88
                0x00000089                __ADC12MCTL9 = 0x89
                0x0000008a                __ADC12MCTL10 = 0x8a
                0x0000008b                __ADC12MCTL11 = 0x8b
                0x0000008c                __ADC12MCTL12 = 0x8c
                0x0000008d                __ADC12MCTL13 = 0x8d
                0x0000008e                __ADC12MCTL14 = 0x8e
                0x0000008f                __ADC12MCTL15 = 0x8f
                0x000001c0                __DAC12_0CTL = 0x1c0
                0x000001c2                __DAC12_1CTL = 0x1c2
                0x000001c8                __DAC12_0DAT = 0x1c8
                0x000001ca                __DAC12_1DAT = 0x1ca
                0x00000122                __DMACTL0 = 0x122
                0x00000124                __DMACTL1 = 0x124
                0x000001e0                __DMA0CTL = 0x1e0
                0x000001e8                __DMA1CTL = 0x1e8
                0x000001f0                __DMA2CTL = 0x1f0
                0x000001e2                __DMA0SA = 0x1e2
                0x000001e4                __DMA0DA = 0x1e4
                0x000001e6                __DMA0SZ = 0x1e6
                0x000001ea                __DMA1SA = 0x1ea
                0x000001ec                __DMA1DA = 0x1ec
                0x000001ee                __DMA1SZ = 0x1ee
                0x000001f2                __DMA2SA = 0x1f2
                0x000001f4                __DMA2DA = 0x1f4
                0x000001f6                __DMA2SZ = 0x1f6

.hash
 *(SORT(.hash))

.dynsym
 *(SORT(.dynsym))

.dynstr
 *(SORT(.dynstr))

.gnu.version
 *(SORT(.gnu.version))

.gnu.version_d
 *(SORT(.gnu.version_d))

.gnu.version_r
 *(SORT(.gnu.version_r))

.rel.init
 *(SORT(.rel.init))

.rela.init
 *(SORT(.rela.init))

.rel.fini
 *(SORT(.rel.fini))

.rela.fini
 *(SORT(.rela.fini))

.rel.text
 *(SORT(.rel.text) SORT(.rel.text.*) SORT(.rel.gnu.linkonce.t.*))

.rela.text
 *(SORT(.rela.text) SORT(.rela.text.*) SORT(.rela.gnu.linkonce.t.*))

.rel.rodata
 *(SORT(.rel.rodata) SORT(.rel.rodata.*) SORT(.rel.gnu.linkonce.r.*))

.rela.rodata
 *(SORT(.rela.rodata) SORT(.rela.rodata.*) SORT(.rela.gnu.linkonce.r.*))

.rel.data
 *(SORT(.rel.data) SORT(.rel.data.*) SORT(.rel.gnu.linkonce.d.*))

.rela.data
 *(SORT(.rela.data) SORT(.rela.data.*) SORT(.rela.gnu.linkonce.d.*))

.rel.bss
 *(SORT(.rel.bss) SORT(.rel.bss.*) SORT(.rel.gnu.linkonce.b.*))

.rela.bss
 *(SORT(.rela.bss) SORT(.rela.bss.*) SORT(.rela.gnu.linkonce.b.*))

.rel.ctors
 *(SORT(.rel.ctors))

.rela.ctors
 *(SORT(.rela.ctors))

.rel.dtors
 *(SORT(.rel.dtors))

.rela.dtors
 *(SORT(.rela.dtors))

.rel.got
 *(SORT(.rel.got))

.rela.got
 *(SORT(.rela.got))

.rel.plt
 *(SORT(.rel.plt))

.rela.plt
 *(SORT(.rela.plt))

.text           0x00004000     0x4c54
                0x00004000                . = ALIGN (0x2)
 *(SORT(.init) SORT(.init.*))
 *(SORT(.init0))
 .init0         0x00004000        0x0 /usr/local/bin/../lib/gcc/msp430/4.7.2/mmpy-16/libcrt0.a(_reset_vector__.o)
                0x00004000                _reset_vector__
 *(SORT(.init1))
 .init1         0x00004000        0xc /usr/local/bin/../lib/gcc/msp430/4.7.2/mmpy-16/libcrt0.a(__watchdog_support.o)
                0x00004000                __watchdog_support
 *(SORT(.init2))
 .init2         0x0000400c        0x4 /usr/local/bin/../lib/gcc/msp430/4.7.2/mmpy-16/libcrt0.a(__init_stack.o)
                0x0000400c                __init_stack
 *(SORT(.init3))
 .init3         0x00004010        0x0 /usr/local/bin/../lib/gcc/msp430/4.7.2/mmpy-16/libcrt0.a(__low_level_init.o)
                0x00004010                __low_level_init
 *(SORT(.init4))
 .init4         0x00004010       0x18 /usr/local/bin/../lib/gcc/msp430/4.7.2/mmpy-16/libcrt0.a(_copy_data.o)
                0x00004010                __do_copy_data
 .init4         0x00004028       0x16 /usr/local/bin/../lib/gcc/msp430/4.7.2/mmpy-16/libcrt0.a(_clear_bss.o)
                0x00004028                __do_clear_bss
 *(SORT(.init5))
 *(SORT(.init6))
 *(SORT(.init7))
 *(SORT(.init8))
 *(SORT(.init9))
 .init9         0x0000403e      0x1c4 build/sky/obj/contiki-main.o
                0x0000403e                main
 *(SORT(.fini9))
 .fini9         0x00004202        0x0 /usr/local/bin/../lib/gcc/msp430/4.7.2/mmpy-16/libcrt0.a(__stop_progExec__.o)
                0x00004202                __stop_progExec__
 *(SORT(.fini8))
 *(SORT(.fini7))
 *(SORT(.fini6))
 *(SORT(.fini5))
 *(SORT(.fini4))
 *(SORT(.fini3))
 *(SORT(.fini2))
 *(SORT(.fini1))
 *(SORT(.fini0))
 .fini0         0x00004202        0x6 /usr/local/bin/../lib/gcc/msp430/4.7.2/mmpy-16/libcrt0.a(_endless_loop__.o)
                0x00004202                _endless_loop__
 *(SORT(.fini) SORT(.fini.*))
                0x00004208                . = ALIGN (0x2)
                0x00004208                __ctors_start = .
 *(SORT(.ctors))
                0x00004208                __ctors_end = .
                0x00004208                __dtors_start = .
 *(SORT(.dtors))
                0x00004208                __dtors_end = .
                0x00004208                . = ALIGN (0x2)
 *(SORT(.text) SORT(.text.*) SORT(.gnu.linkonce.t.*))
 .text          0x00004208        0x4 /usr/local/bin/../lib/gcc/msp430/4.7.2/mmpy-16/crt0ivtbl16.o
                0x00004208                __isr_14
                0x00004208                __isr_11
                0x00004208                __isr_2
                0x00004208                __isr_7
                0x00004208                __isr_0
                0x00004208                __isr_8
                0x00004208                __isr_3
                0x00004208                __isr_13
                0x00004208                __isr_9
 .text.autostart_start
                0x0000420c       0x16 build/sky/obj/autostart.o
                0x0000420c                autostart_start
 .text.status   0x00004222       0x18 build/sky/obj/button-sensor.o
 .text.value    0x0000423a       0x20 build/sky/obj/button-sensor.o
 .text.configure
                0x0000425a       0x4c build/sky/obj/button-sensor.o
 .text.irq_p2   0x000042a6       0x46 build/sky/obj/button-sensor.o
                0x000042a6                irq_p2
                0x000042a6                __isr_1
 .text.cc2420_timerb1_interrupt
                0x000042ec       0x26 build/sky/obj/cc2420-arch-sfd.o
                0x000042ec                cc2420_timerb1_interrupt
                0x000042ec                __isr_12
 .text.cc2420_port1_interrupt
                0x00004312       0x20 build/sky/obj/cc2420-arch.o
                0x00004312                __isr_4
                0x00004312                cc2420_port1_interrupt
 .text.cc2420_arch_init
                0x00004332       0x1a build/sky/obj/cc2420-arch.o
                0x00004332                cc2420_arch_init
 .text.get_object
                0x0000434c        0x4 build/sky/obj/cc2420.o
 .text.set_object
                0x00004350        0x4 build/sky/obj/cc2420.o
 .text.strobe   0x00004354       0x1c build/sky/obj/cc2420.o
 .text.getreg   0x00004370       0x4c build/sky/obj/cc2420.o
 .text.setreg   0x000043bc       0x4c build/sky/obj/cc2420.o
 .text.write_ram
                0x00004408       0x7c build/sky/obj/cc2420.o
 .text.write_fifo_buf
                0x00004484       0x3c build/sky/obj/cc2420.o
 .text.get_status
                0x000044c0       0x20 build/sky/obj/cc2420.o
 .text.cc2420_receiving_packet
                0x000044e0        0xc build/sky/obj/cc2420.o
 .text.pending_packet
                0x000044ec        0x8 build/sky/obj/cc2420.o
 .text.wait_for_transmission
                0x000044f4       0x22 build/sky/obj/cc2420.o
 .text.wait_for_status
                0x00004516       0x28 build/sky/obj/cc2420.o
 .text.getrxdata
                0x0000453e       0x50 build/sky/obj/cc2420.o
 .text.flushrx  0x0000458e       0x1a build/sky/obj/cc2420.o
 .text.energest_on
                0x000045a8       0x28 build/sky/obj/cc2420.o
 .text.on       0x000045d0       0x20 build/sky/obj/cc2420.o
 .text.energest_off
                0x000045f0       0x9c build/sky/obj/cc2420.o
 .text.off      0x0000468c       0x2e build/sky/obj/cc2420.o
 .text.RELEASE_LOCK
                0x000046ba       0x28 build/sky/obj/cc2420.o
 .text.set_key  0x000046e2       0x18 build/sky/obj/cc2420.o
 .text.set_frame_filtering
                0x000046fa       0x30 build/sky/obj/cc2420.o
 .text.set_auto_ack
                0x0000472a       0x30 build/sky/obj/cc2420.o
 .text.set_poll_mode
                0x0000475a       0x2c build/sky/obj/cc2420.o
 .text.cc2420_prepare
                0x00004786       0x46 build/sky/obj/cc2420.o
 .text.cc2420_on
                0x000047cc       0x22 build/sky/obj/cc2420.o
                0x000047cc                cc2420_on
 .text.cc2420_transmit
                0x000047ee       0x8a build/sky/obj/cc2420.o
 .text.cc2420_send
                0x00004878       0x12 build/sky/obj/cc2420.o
 .text.cc2420_off
                0x0000488a       0x30 build/sky/obj/cc2420.o
                0x0000488a                cc2420_off
 .text.cc2420_cca
                0x000048ba       0x68 build/sky/obj/cc2420.o
 .text.cc2420_read
                0x00004922       0xbe build/sky/obj/cc2420.o
 .text.process_thread_cc2420_process
                0x000049e0       0x56 build/sky/obj/cc2420.o
 .text.encrypt  0x00004a36       0x88 build/sky/obj/cc2420.o
 .text.cc2420_set_channel
                0x00004abe       0x3c build/sky/obj/cc2420.o
                0x00004abe                cc2420_set_channel
 .text.cc2420_set_pan_addr
                0x00004afa       0x4c build/sky/obj/cc2420.o
                0x00004afa                cc2420_set_pan_addr
 .text.cc2420_interrupt
                0x00004b46       0x16 build/sky/obj/cc2420.o
                0x00004b46                cc2420_interrupt
 .text.cc2420_set_txpower
                0x00004b5c       0x2c build/sky/obj/cc2420.o
                0x00004b5c                cc2420_set_txpower
 .text.cc2420_get_txpower
                0x00004b88       0x1e build/sky/obj/cc2420.o
                0x00004b88                cc2420_get_txpower
 .text.cc2420_rssi
                0x00004ba6       0x4c build/sky/obj/cc2420.o
                0x00004ba6                cc2420_rssi
 .text.get_value
                0x00004bf2      0x11e build/sky/obj/cc2420.o
 .text.cc2420_set_cca_threshold
                0x00004d10       0x16 build/sky/obj/cc2420.o
                0x00004d10                cc2420_set_cca_threshold
 .text.set_value
                0x00004d26      0x150 build/sky/obj/cc2420.o
 .text.cc2420_init
                0x00004e76       0xea build/sky/obj/cc2420.o
                0x00004e76                cc2420_init
 .text.timera1  0x00004f60       0xdc build/sky/obj/clock.o
                0x00004f60                __isr_5
                0x00004f60                timera1
 .text.clock_time
                0x0000503c       0x1a build/sky/obj/clock.o
                0x0000503c                clock_time
 .text.clock_init
                0x00005056       0x28 build/sky/obj/clock.o
                0x00005056                clock_init
 .text.clock_delay
                0x0000507e        0xc build/sky/obj/clock.o
                0x0000507e                clock_delay
 .text.init_platform
                0x0000508a        0xc build/sky/obj/contiki-sky-platform.o
                0x0000508a                init_platform
 .text.schedule_transmission
                0x00005096       0x70 build/sky/obj/csma-output.o
 .text.tx_done  0x00005106       0x9a build/sky/obj/csma-output.o
 .text.transmit_from_queue
                0x000051a0      0x1c0 build/sky/obj/csma-output.o
 .text.csma_output_packet
                0x00005360      0x158 build/sky/obj/csma-output.o
                0x00005360                csma_output_packet
 .text.csma_output_init
                0x000054b8       0x1a build/sky/obj/csma-output.o
                0x000054b8                csma_output_init
 .text.csma_security_create_frame
                0x000054d2       0x10 build/sky/obj/csma-security.o
                0x000054d2                csma_security_create_frame
 .text.csma_security_parse_frame
                0x000054e2        0x6 build/sky/obj/csma-security.o
                0x000054e2                csma_security_parse_frame
 .text.on       0x000054e8        0x6 build/sky/obj/csma.o
 .text.off      0x000054ee        0x6 build/sky/obj/csma.o
 .text.max_payload
                0x000054f4       0x38 build/sky/obj/csma.o
 .text.send_packet
                0x0000552c        0x6 build/sky/obj/csma.o
 .text.input_packet
                0x00005532       0x58 build/sky/obj/csma.o
 .text.init     0x0000558a       0x20 build/sky/obj/csma.o
 .text.process_thread_ctimer_process
                0x000055aa       0xa8 build/sky/obj/ctimer.o
 .text.ctimer_init
                0x00005652       0x18 build/sky/obj/ctimer.o
                0x00005652                ctimer_init
 .text.ctimer_set_with_process
                0x0000566a       0x4e build/sky/obj/ctimer.o
                0x0000566a                ctimer_set_with_process
 .text.ctimer_set
                0x000056b8       0x10 build/sky/obj/ctimer.o
                0x000056b8                ctimer_set
 .text.ctimer_reset
                0x000056c8       0x30 build/sky/obj/ctimer.o
                0x000056c8                ctimer_reset
 .text.ctimer_stop
                0x000056f8       0x28 build/sky/obj/ctimer.o
                0x000056f8                ctimer_stop
 .text.owreadb  0x00005720       0x50 build/sky/obj/ds2411.o
 .text.ds2411_init
                0x00005770      0x120 build/sky/obj/ds2411.o
                0x00005770                ds2411_init
 .text.energest_init
                0x00005890       0x40 build/sky/obj/energest.o
                0x00005890                energest_init
 .text.energest_flush
                0x000058d0       0x5c build/sky/obj/energest.o
                0x000058d0                energest_flush
 .text.energest_get_total_time
                0x0000592c       0x38 build/sky/obj/energest.o
                0x0000592c                energest_get_total_time
 .text.update_time
                0x00005964       0x78 build/sky/obj/etimer.o
 .text.etimer_request_poll
                0x000059dc        0xa build/sky/obj/etimer.o
                0x000059dc                etimer_request_poll
 .text.process_thread_etimer_process
                0x000059e6       0xcc build/sky/obj/etimer.o
 .text.add_timer
                0x00005ab2       0x40 build/sky/obj/etimer.o
 .text.etimer_set
                0x00005af2       0x12 build/sky/obj/etimer.o
                0x00005af2                etimer_set
 .text.etimer_reset
                0x00005b04       0x12 build/sky/obj/etimer.o
                0x00005b04                etimer_reset
 .text.etimer_expired
                0x00005b16        0xe build/sky/obj/etimer.o
                0x00005b16                etimer_expired
 .text.etimer_pending
                0x00005b24        0xc build/sky/obj/etimer.o
                0x00005b24                etimer_pending
 .text.etimer_next_expiration_time
                0x00005b30       0x16 build/sky/obj/etimer.o
                0x00005b30                etimer_next_expiration_time
 .text.etimer_stop
                0x00005b46       0x3e build/sky/obj/etimer.o
                0x00005b46                etimer_stop
 .text.frame802154_get_pan_id
                0x00005b84        0x6 build/sky/obj/frame802154.o
                0x00005b84                frame802154_get_pan_id
 .text.frame802154_has_panid
                0x00005b8a       0xe0 build/sky/obj/frame802154.o
                0x00005b8a                frame802154_has_panid
 .text.field_len
                0x00005c6a       0xac build/sky/obj/frame802154.o
 .text.frame802154_is_broadcast_addr
                0x00005d16       0x28 build/sky/obj/frame802154.o
                0x00005d16                frame802154_is_broadcast_addr
 .text.frame802154_hdrlen
                0x00005d3e       0x32 build/sky/obj/frame802154.o
                0x00005d3e                frame802154_hdrlen
 .text.frame802154_create_fcf
                0x00005d70       0x96 build/sky/obj/frame802154.o
                0x00005d70                frame802154_create_fcf
 .text.frame802154_create
                0x00005e06       0xe4 build/sky/obj/frame802154.o
                0x00005e06                frame802154_create
 .text.frame802154_parse_fcf
                0x00005eea       0xbc build/sky/obj/frame802154.o
                0x00005eea                frame802154_parse_fcf
 .text.frame802154_parse
                0x00005fa6      0x168 build/sky/obj/frame802154.o
                0x00005fa6                frame802154_parse
 .text.parse    0x0000610e       0xa2 build/sky/obj/framer-802154.o
 .text.framer_802154_setup_params
                0x000061b0       0xb8 build/sky/obj/framer-802154.o
                0x000061b0                framer_802154_setup_params
 .text.create_frame
                0x00006268       0xa2 build/sky/obj/framer-802154.o
 .text.create   0x0000630a        0x8 build/sky/obj/framer-802154.o
 .text.hdr_length
                0x00006312        0x8 build/sky/obj/framer-802154.o
 .text.leds_arch_init
                0x0000631a        0xe build/sky/obj/leds-arch.o
                0x0000631a                leds_arch_init
 .text.leds_arch_get
                0x00006328       0x34 build/sky/obj/leds-arch.o
                0x00006328                leds_arch_get
 .text.leds_arch_set
                0x0000635c       0x3e build/sky/obj/leds-arch.o
                0x0000635c                leds_arch_set
 .text.leds_init
                0x0000639a        0x6 build/sky/obj/leds.o
                0x0000639a                leds_init
 .text.leds_on  0x000063a0       0x12 build/sky/obj/leds.o
                0x000063a0                leds_on
 .text.leds_off
                0x000063b2       0x12 build/sky/obj/leds.o
                0x000063b2                leds_off
 .text.linkaddr_copy
                0x000063c4        0x8 build/sky/obj/linkaddr.o
                0x000063c4                linkaddr_copy
 .text.linkaddr_cmp
                0x000063cc       0x12 build/sky/obj/linkaddr.o
                0x000063cc                linkaddr_cmp
 .text.linkaddr_set_node_addr
                0x000063de        0xc build/sky/obj/linkaddr.o
                0x000063de                linkaddr_set_node_addr
 .text.list_init
                0x000063ea        0x6 build/sky/obj/list.o
                0x000063ea                list_init
 .text.list_head
                0x000063f0        0x4 build/sky/obj/list.o
                0x000063f0                list_head
 .text.list_tail
                0x000063f4       0x12 build/sky/obj/list.o
                0x000063f4                list_tail
 .text.list_remove
                0x00006406       0x34 build/sky/obj/list.o
                0x00006406                list_remove
 .text.list_add
                0x0000643a       0x2a build/sky/obj/list.o
                0x0000643a                list_add
 .text.list_length
                0x00006464       0x10 build/sky/obj/list.o
                0x00006464                list_length
 .text.list_item_next
                0x00006474        0xc build/sky/obj/list.o
                0x00006474                list_item_next
 .text.log_lladdr
                0x00006480       0x44 build/sky/obj/log.o
                0x00006480                log_lladdr
 .text.mac_sequence_init
                0x000064c4        0xa build/sky/obj/mac-sequence.o
                0x000064c4                mac_sequence_init
 .text.mac_sequence_set_dsn
                0x000064ce       0x18 build/sky/obj/mac-sequence.o
                0x000064ce                mac_sequence_set_dsn
 .text.mac_sequence_is_duplicate
                0x000064e6       0x84 build/sky/obj/mac-sequence.o
                0x000064e6                mac_sequence_is_duplicate
 .text.mac_sequence_register_seqno
                0x0000656a       0x90 build/sky/obj/mac-sequence.o
                0x0000656a                mac_sequence_register_seqno
 .text.mac_call_sent_callback
                0x000065fa       0x14 build/sky/obj/mac.o
                0x000065fa                mac_call_sent_callback
 .text.send_msg_callback
                0x0000660e       0x60 build/sky/obj/main.o
 .text.process_thread_send_message_process
                0x0000666e       0xd2 build/sky/obj/main.o
 .text.print_energest_data
                0x00006740      0x224 build/sky/obj/main.o
                0x00006740                print_energest_data
 .text.send_msg
                0x00006964       0x54 build/sky/obj/main.o
                0x00006964                send_msg
 .text.process_thread_no_relay_process
                0x000069b8       0x52 build/sky/obj/main.o
 .text.send_relay_msg
                0x00006a0a       0x7e build/sky/obj/main.o
                0x00006a0a                send_relay_msg
 .text.process_thread_EWMA_n_packet_relay_process
                0x00006a88      0x15c build/sky/obj/main.o
 .text.process_thread_n_packet_relay_process
                0x00006be4       0xe0 build/sky/obj/main.o
 .text.relay_msg
                0x00006cc4       0x52 build/sky/obj/main.o
                0x00006cc4                relay_msg
 .text.send_ack
                0x00006d16        0xe build/sky/obj/main.o
                0x00006d16                send_ack
 .text.input_callback
                0x00006d24      0x146 build/sky/obj/main.o
                0x00006d24                input_callback
 .text.send_done
                0x00006e6a       0x34 build/sky/obj/main.o
                0x00006e6a                send_done
 .text.process_thread_main_process
                0x00006e9e      0x148 build/sky/obj/main.o
 .text.memb_init
                0x00006fe6       0x36 build/sky/obj/memb.o
                0x00006fe6                memb_init
 .text.memb_alloc
                0x0000701c       0x3e build/sky/obj/memb.o
                0x0000701c                memb_alloc
 .text.memb_free
                0x0000705a       0x32 build/sky/obj/memb.o
                0x0000705a                memb_free
 .text.memb_inmemb
                0x0000708c       0x2a build/sky/obj/memb.o
                0x0000708c                memb_inmemb
 .text.msp430_init_dco
                0x000070b6       0x82 build/sky/obj/msp430.o
                0x000070b6                msp430_init_dco
 .text.msp430_add_lpm_req
                0x00007138        0xc build/sky/obj/msp430.o
                0x00007138                msp430_add_lpm_req
 .text.msp430_cpu_init
                0x00007144       0x2a build/sky/obj/msp430.o
                0x00007144                msp430_cpu_init
 .text.splhigh_
                0x0000716e        0xa build/sky/obj/msp430.o
                0x0000716e                splhigh_
 .text.msp430_sync_dco
                0x00007178       0x6c build/sky/obj/msp430.o
                0x00007178                msp430_sync_dco
 .text.netstack_init
                0x000071e4        0xe build/sky/obj/netstack.o
                0x000071e4                netstack_init
 .text.node_id_init
                0x000071f2       0x14 build/sky/obj/node-id.o
                0x000071f2                node_id_init
 .text.init     0x00007206        0x6 build/sky/obj/nullnet.o
 .text.output   0x0000720c       0x42 build/sky/obj/nullnet.o
 .text.input    0x0000724e       0x40 build/sky/obj/nullnet.o
 .text.nullnet_set_input_callback
                0x0000728e        0x6 build/sky/obj/nullnet.o
                0x0000728e                nullnet_set_input_callback
 .text.init     0x00007294        0x2 build/sky/obj/nullrouting.o
 .text.root_set_prefix
                0x00007296        0x2 build/sky/obj/nullrouting.o
 .text.root_start
                0x00007298        0x4 build/sky/obj/nullrouting.o
 .text.node_is_root
                0x0000729c        0x4 build/sky/obj/nullrouting.o
 .text.get_root_ipaddr
                0x000072a0        0x4 build/sky/obj/nullrouting.o
 .text.get_sr_node_ipaddr
                0x000072a4        0x4 build/sky/obj/nullrouting.o
 .text.leave_network
                0x000072a8        0x2 build/sky/obj/nullrouting.o
 .text.node_has_joined
                0x000072aa        0x4 build/sky/obj/nullrouting.o
 .text.node_is_reachable
                0x000072ae        0x4 build/sky/obj/nullrouting.o
 .text.global_repair
                0x000072b2        0x2 build/sky/obj/nullrouting.o
 .text.local_repair
                0x000072b4        0x2 build/sky/obj/nullrouting.o
 .text.ext_header_remove
                0x000072b6        0x4 build/sky/obj/nullrouting.o
 .text.ext_header_update
                0x000072ba        0x4 build/sky/obj/nullrouting.o
 .text.ext_header_hbh_update
                0x000072be        0x4 build/sky/obj/nullrouting.o
 .text.ext_header_srh_update
                0x000072c2        0x4 build/sky/obj/nullrouting.o
 .text.ext_header_srh_get_next_hop
                0x000072c6        0x4 build/sky/obj/nullrouting.o
 .text.link_callback
                0x000072ca        0x2 build/sky/obj/nullrouting.o
 .text.neighbor_state_changed
                0x000072cc        0x2 build/sky/obj/nullrouting.o
 .text.drop_route
                0x000072ce        0x2 build/sky/obj/nullrouting.o
 .text.is_in_leaf_mode
                0x000072d0        0x4 build/sky/obj/nullrouting.o
 .text.packetbuf_hdrreduce
                0x000072d4       0x1a build/sky/obj/packetbuf.o
                0x000072d4                packetbuf_hdrreduce
 .text.packetbuf_set_datalen
                0x000072ee        0x6 build/sky/obj/packetbuf.o
                0x000072ee                packetbuf_set_datalen
 .text.packetbuf_hdrptr
                0x000072f4        0x6 build/sky/obj/packetbuf.o
                0x000072f4                packetbuf_hdrptr
 .text.packetbuf_datalen
                0x000072fa        0x6 build/sky/obj/packetbuf.o
                0x000072fa                packetbuf_datalen
 .text.packetbuf_hdrlen
                0x00007300        0xa build/sky/obj/packetbuf.o
                0x00007300                packetbuf_hdrlen
 .text.packetbuf_dataptr
                0x0000730a        0xc build/sky/obj/packetbuf.o
                0x0000730a                packetbuf_dataptr
 .text.packetbuf_copyto
                0x00007316       0x46 build/sky/obj/packetbuf.o
                0x00007316                packetbuf_copyto
 .text.packetbuf_totlen
                0x0000735c        0xc build/sky/obj/packetbuf.o
                0x0000735c                packetbuf_totlen
 .text.packetbuf_hdralloc
                0x00007368       0x3c build/sky/obj/packetbuf.o
                0x00007368                packetbuf_hdralloc
 .text.packetbuf_attr_clear
                0x000073a4       0x28 build/sky/obj/packetbuf.o
                0x000073a4                packetbuf_attr_clear
 .text.packetbuf_clear
                0x000073cc       0x12 build/sky/obj/packetbuf.o
                0x000073cc                packetbuf_clear
 .text.packetbuf_copyfrom
                0x000073de       0x2e build/sky/obj/packetbuf.o
                0x000073de                packetbuf_copyfrom
 .text.packetbuf_attr_copyto
                0x0000740c       0x22 build/sky/obj/packetbuf.o
                0x0000740c                packetbuf_attr_copyto
 .text.packetbuf_attr_copyfrom
                0x0000742e       0x24 build/sky/obj/packetbuf.o
                0x0000742e                packetbuf_attr_copyfrom
 .text.packetbuf_set_attr
                0x00007452        0xc build/sky/obj/packetbuf.o
                0x00007452                packetbuf_set_attr
 .text.packetbuf_attr
                0x0000745e        0xa build/sky/obj/packetbuf.o
                0x0000745e                packetbuf_attr
 .text.packetbuf_set_addr
                0x00007468       0x18 build/sky/obj/packetbuf.o
                0x00007468                packetbuf_set_addr
 .text.packetbuf_addr
                0x00007480       0x12 build/sky/obj/packetbuf.o
                0x00007480                packetbuf_addr
 .text.packetbuf_holds_broadcast
                0x00007492        0xe build/sky/obj/packetbuf.o
                0x00007492                packetbuf_holds_broadcast
 .text.energest_switch
                0x000074a0       0x6e build/sky/obj/platform.o
 .text.platform_init_stage_one
                0x0000750e       0x12 build/sky/obj/platform.o
                0x0000750e                platform_init_stage_one
 .text.platform_init_stage_two
                0x00007520       0x68 build/sky/obj/platform.o
                0x00007520                platform_init_stage_two
 .text.platform_init_stage_three
                0x00007588       0x86 build/sky/obj/platform.o
                0x00007588                platform_init_stage_three
 .text.platform_idle
                0x0000760e       0x64 build/sky/obj/platform.o
                0x0000760e                platform_idle
 .text.call_process
                0x00007672       0x46 build/sky/obj/process.o
 .text.exit_process
                0x000076b8       0x96 build/sky/obj/process.o
 .text.do_poll  0x0000774e       0x30 build/sky/obj/process.o
 .text.process_alloc_event
                0x0000777e        0xe build/sky/obj/process.o
                0x0000777e                process_alloc_event
 .text.process_init
                0x0000778c       0x18 build/sky/obj/process.o
                0x0000778c                process_init
 .text.process_run
                0x000077a4       0x92 build/sky/obj/process.o
                0x000077a4                process_run
 .text.process_nevents
                0x00007836        0xe build/sky/obj/process.o
                0x00007836                process_nevents
 .text.process_post
                0x00007844       0x42 build/sky/obj/process.o
                0x00007844                process_post
 .text.process_post_synch
                0x00007886       0x12 build/sky/obj/process.o
                0x00007886                process_post_synch
 .text.process_start
                0x00007898       0x36 build/sky/obj/process.o
                0x00007898                process_start
 .text.process_poll
                0x000078ce       0x18 build/sky/obj/process.o
                0x000078ce                process_poll
 .text.queuebuf_init
                0x000078e6       0x12 build/sky/obj/queuebuf.o
                0x000078e6                queuebuf_init
 .text.queuebuf_new_from_packetbuf
                0x000078f8       0x52 build/sky/obj/queuebuf.o
                0x000078f8                queuebuf_new_from_packetbuf
 .text.queuebuf_update_attr_from_packetbuf
                0x0000794a       0x12 build/sky/obj/queuebuf.o
                0x0000794a                queuebuf_update_attr_from_packetbuf
 .text.queuebuf_free
                0x0000795c       0x2a build/sky/obj/queuebuf.o
                0x0000795c                queuebuf_free
 .text.queuebuf_to_packetbuf
                0x00007986       0x32 build/sky/obj/queuebuf.o
                0x00007986                queuebuf_to_packetbuf
 .text.random_init
                0x000079b8        0x6 build/sky/obj/random.o
                0x000079b8                random_init
 .text.random_rand
                0x000079be        0x6 build/sky/obj/random.o
                0x000079be                random_rand
 .text.ringbuf_init
                0x000079c4       0x14 build/sky/obj/ringbuf.o
                0x000079c4                ringbuf_init
 .text.ringbuf_put
                0x000079d8       0x38 build/sky/obj/ringbuf.o
                0x000079d8                ringbuf_put
 .text.ringbuf_get
                0x00007a10       0x32 build/sky/obj/ringbuf.o
                0x00007a10                ringbuf_get
 .text.timera0  0x00007a42       0x2e build/sky/obj/rtimer-arch.o
                0x00007a42                __isr_6
                0x00007a42                timera0
 .text.rtimer_arch_init
                0x00007a70        0xe build/sky/obj/rtimer-arch.o
                0x00007a70                rtimer_arch_init
 .text.rtimer_arch_now
                0x00007a7e        0xe build/sky/obj/rtimer-arch.o
                0x00007a7e                rtimer_arch_now
 .text.rtimer_arch_schedule
                0x00007a8c        0x6 build/sky/obj/rtimer-arch.o
                0x00007a8c                rtimer_arch_schedule
 .text.rtimer_init
                0x00007a92        0x6 build/sky/obj/rtimer.o
                0x00007a92                rtimer_init
 .text.rtimer_run_next
                0x00007a98       0x26 build/sky/obj/rtimer.o
                0x00007a98                rtimer_run_next
 .text.process_thread_sensors_process
                0x00007abe       0xc2 build/sky/obj/sensors.o
 .text.sensors_changed
                0x00007b80       0x2a build/sky/obj/sensors.o
                0x00007b80                sensors_changed
 .text.process_thread_serial_line_process
                0x00007baa       0xa4 build/sky/obj/serial-line.o
 .text.serial_line_input_byte
                0x00007c4e       0x42 build/sky/obj/serial-line.o
                0x00007c4e                serial_line_input_byte
 .text.serial_line_init
                0x00007c90       0x1c build/sky/obj/serial-line.o
                0x00007c90                serial_line_init
 .text.spi_init
                0x00007cac       0x30 build/sky/obj/spi-legacy.o
                0x00007cac                spi_init
 .text.stack_check_init
                0x00007cdc       0x2e build/sky/obj/stack-check.o
                0x00007cdc                stack_check_init
 .text.stack_check_get_usage
                0x00007d0a       0x54 build/sky/obj/stack-check.o
                0x00007d0a                stack_check_get_usage
 .text.process_thread_stack_check_process
                0x00007d5e       0xea build/sky/obj/stack-check.o
 .text.timer_set
                0x00007e48       0x1c build/sky/obj/timer.o
                0x00007e48                timer_set
 .text.timer_expired
                0x00007e64       0x2a build/sky/obj/timer.o
                0x00007e64                timer_expired
 .text.timer_reset
                0x00007e8e       0x1c build/sky/obj/timer.o
                0x00007e8e                timer_reset
 .text.putchar  0x00007eaa       0x10 build/sky/obj/uart1-putchar.o
                0x00007eaa                putchar
 .text.handle_rxdma_timer
                0x00007eba       0x3a build/sky/obj/uart1.o
 .text.uart1_active
                0x00007ef4       0x18 build/sky/obj/uart1.o
                0x00007ef4                uart1_active
 .text.uart1_set_input
                0x00007f0c       0x20 build/sky/obj/uart1.o
                0x00007f0c                uart1_set_input
 .text.uart1_writeb
                0x00007f2c       0x18 build/sky/obj/uart1.o
                0x00007f2c                uart1_writeb
 .text.uart1_init
                0x00007f44       0xf4 build/sky/obj/uart1.o
                0x00007f44                uart1_init
 .text.watchdog_interrupt
                0x00008038        0x6 build/sky/obj/watchdog.o
                0x00008038                __isr_10
                0x00008038                watchdog_interrupt
 .text.watchdog_start
                0x0000803e       0x14 build/sky/obj/watchdog.o
                0x0000803e                watchdog_start
 .text.watchdog_periodic
                0x00008052       0x12 build/sky/obj/watchdog.o
                0x00008052                watchdog_periodic
 .text.watchdog_stop
                0x00008064       0x16 build/sky/obj/watchdog.o
                0x00008064                watchdog_stop
 .text.watchdog_init
                0x0000807a       0x12 build/sky/obj/watchdog.o
                0x0000807a                watchdog_init
 .text.xmem_init
                0x0000808c       0x3c build/sky/obj/xmem.o
                0x0000808c                xmem_init
 .text.printf   0x000080c8       0x10 /usr/local/bin/../lib/gcc/msp430/4.7.2/../../../../msp430/lib/mmpy-16/libc.a(printf.o)
                0x000080c8                printf
 .text.print_field
                0x000080d8      0x194 /usr/local/bin/../lib/gcc/msp430/4.7.2/../../../../msp430/lib/mmpy-16/libc.a(vuprintf.o)
 .text.vuprintf
                0x0000826c      0x63e /usr/local/bin/../lib/gcc/msp430/4.7.2/../../../../msp430/lib/mmpy-16/libc.a(vuprintf.o)
                0x0000826c                vuprintf
 .text.puts     0x000088aa       0x2c /usr/local/bin/../lib/gcc/msp430/4.7.2/../../../../msp430/lib/mmpy-16/libc.a(puts.o)
                0x000088aa                puts
 .text.rand     0x000088d6       0x26 /usr/local/bin/../lib/gcc/msp430/4.7.2/../../../../msp430/lib/mmpy-16/libc.a(rand.o)
                0x000088d6                rand
 .text.srand    0x000088fc        0xa /usr/local/bin/../lib/gcc/msp430/4.7.2/../../../../msp430/lib/mmpy-16/libc.a(rand.o)
                0x000088fc                srand
 .text.memcmp   0x00008906       0x30 /usr/local/bin/../lib/gcc/msp430/4.7.2/../../../../msp430/lib/mmpy-16/libc.a(memcmp.o)
                0x00008906                memcmp
 .text.memcpy   0x00008936       0xfa /usr/local/bin/../lib/gcc/msp430/4.7.2/../../../../msp430/lib/mmpy-16/libc.a(memcpy.o)
                0x00008936                memcpy
 .text.memset   0x00008a30       0x6a /usr/local/bin/../lib/gcc/msp430/4.7.2/../../../../msp430/lib/mmpy-16/libc.a(memset.o)
                0x00008a30                memset
 .text.crt0     0x00008a9a        0x2 /usr/local/bin/../lib/gcc/msp430/4.7.2/mmpy-16/libcrt0.a(_unexpected_.o)
                0x00008a9a                _unexpected_
 .text.libgcc   0x00008a9c       0x2c /usr/local/bin/../lib/gcc/msp430/4.7.2/mmpy-16/libgcc.a(_mulsi3.o)
                0x00008a9c                __mulsi3
 .text.libgcc   0x00008ac8       0x22 /usr/local/bin/../lib/gcc/msp430/4.7.2/mmpy-16/libgcc.a(_udivmod16.o)
                0x00008ac8                __udivhi3
                0x00008ac8                __ext_udivmod16
                0x00008ae2                __umodhi3
 .text.libgcc   0x00008aea       0x3a /usr/local/bin/../lib/gcc/msp430/4.7.2/mmpy-16/libgcc.a(_divmod16.o)
                0x00008aea                __ext_divmod16
                0x00008aea                __divhi3
                0x00008b1c                __modhi3
 .text.libgcc   0x00008b24       0x40 /usr/local/bin/../lib/gcc/msp430/4.7.2/mmpy-16/libgcc.a(_udivmod32.o)
                0x00008b24                __udivsi3
                0x00008b24                __ext_udivmod32
                0x00008b5a                __umodsi3
 .text.libgcc   0x00008b64       0xf0 /usr/local/bin/../lib/gcc/msp430/4.7.2/mmpy-16/libgcc.a(_udivmod64.o)
                0x00008b64                __xabi_udivmod64
                0x00008bc2                __udivdi3
                0x00008be8                __umoddi3
                0x00008c16                __udivmoddi4
 *(SORT(.near.text) SORT(.near.text.*))

.rodata         0x00008c54      0x65e
                0x00008c54                . = ALIGN (0x2)
 *(SORT(.rodata) SORT(.rodata.*) SORT(.gnu.linkonce.r.*))
 .rodata.get_value
                0x00008c54       0x34 build/sky/obj/cc2420.o
 .rodata.set_value
                0x00008c88       0x10 build/sky/obj/cc2420.o
 .rodata        0x00008c98       0x10 build/sky/obj/button-sensor.o
                0x00008ca0                button_sensor
 .rodata        0x00008ca8       0x3e build/sky/obj/cc2420.o
                0x00008ca8                cc2420_aes_128_driver
                0x00008cac                cc2420_driver
 .rodata        0x00008ce6       0x14 build/sky/obj/csma.o
                0x00008cec                csma_driver
 .rodata        0x00008cfa        0x6 build/sky/obj/framer-802154.o
                0x00008cfa                framer_802154
 .rodata        0x00008d00        0x8 build/sky/obj/linkaddr.o
                0x00008d00                linkaddr_null
 .rodata        0x00008d08       0x9a build/sky/obj/log.o
 .rodata        0x00008da2      0x334 build/sky/obj/main.o
                0x00009088                autostart_processes
 .rodata        0x000090d6       0x10 build/sky/obj/nullnet.o
                0x000090de                nullnet_driver
 .rodata        0x000090e6       0x36 build/sky/obj/nullrouting.o
                0x000090f2                nullrouting_driver
 .rodata        0x0000911c       0xc1 build/sky/obj/contiki-main.o
 .rodata        0x000091dd        0xf build/sky/obj/ctimer.o
 .rodata        0x000091ec        0xc build/sky/obj/etimer.o
 .rodata        0x000091f8        0x2 build/sky/obj/frame802154.o
 .rodata        0x000091fa       0x31 build/sky/obj/platform.o
 .rodata        0x0000922b        0x8 build/sky/obj/sensors.o
 .rodata        0x00009233        0xe build/sky/obj/serial-line.o
 .rodata        0x00009241       0x6a build/sky/obj/stack-check.o
 .rodata.vuprintf
                0x000092ab        0x7 /usr/local/bin/../lib/gcc/msp430/4.7.2/../../../../msp430/lib/mmpy-16/libc.a(vuprintf.o)
 *(SORT(.near.rodata) SORT(.near.rodata.*))
                0x000092b2                . = ALIGN (0x2)
                0x000092b2                _etext = .

.data           0x00001100      0x10c load address 0x000092b2
                0x00001100                . = ALIGN (0x2)
                0x00001100                __data_start = .
 *(SORT(.data) SORT(.data.*) SORT(.gnu.linkonce.d.*))
 .data          0x00001100        0xc build/sky/obj/cc2420.o
                0x00001100                cc2420_process
 .data          0x0000110c        0x4 build/sky/obj/contiki-sky-platform.o
                0x0000110c                sensors
 .data          0x00001110       0x18 build/sky/obj/csma-output.o
 .data          0x00001128        0xa build/sky/obj/ctimer.o
                0x00001128                ctimer_process
 .data          0x00001132        0xa build/sky/obj/etimer.o
                0x00001132                etimer_process
 .data          0x0000113c        0x2 build/sky/obj/frame802154.o
 .data          0x0000113e       0x50 build/sky/obj/log.o
                0x0000113e                all_modules
                0x0000118c                curr_log_level_main
 .data          0x0000118e       0x4a build/sky/obj/main.o
                0x0000118e                EWMA_n_packet_relay_process
                0x00001198                n_packet_relay_process
                0x000011a2                no_relay_process
                0x000011ac                main_process
                0x000011b6                send_message_process
                0x000011c0                eps
                0x000011c2                selected_protocol
 .data          0x000011d8        0x2 build/sky/obj/msp430.o
 .data          0x000011da       0x10 build/sky/obj/queuebuf.o
 .data          0x000011ea        0xa build/sky/obj/sensors.o
                0x000011ea                sensors_process
 .data          0x000011f4        0xa build/sky/obj/serial-line.o
                0x000011f4                serial_line_process
 .data          0x000011fe        0xa build/sky/obj/stack-check.o
                0x000011fe                stack_check_process
 .data.next     0x00001208        0x4 /usr/local/bin/../lib/gcc/msp430/4.7.2/../../../../msp430/lib/mmpy-16/libc.a(rand.o)
 *(SORT(.near.data) SORT(.near.data.*))
                0x0000120c                . = ALIGN (0x2)
                0x0000120c                _edata = .
                0x000092b2                __data_load_start = LOADADDR (.data)
                0x0000010c                __data_size = SIZEOF (.data)

.bss            0x0000120c      0xc00 load address 0x000093be
                0x0000120c                __bss_start = .
 *(SORT(.bss) SORT(.bss.*))
 .bss           0x0000120c        0x8 build/sky/obj/button-sensor.o
 .bss           0x00001214       0x10 build/sky/obj/cc2420.o
 .bss           0x00001224        0xa build/sky/obj/clock.o
 .bss           0x0000122e       0xbc build/sky/obj/csma-output.o
 .bss           0x000012ea        0x4 build/sky/obj/ctimer.o
 .bss           0x000012ee        0x6 build/sky/obj/etimer.o
 .bss           0x000012f4       0x16 build/sky/obj/log.o
                0x000012f4                curr_log_level_lwm2m
                0x000012f6                curr_log_level_snmp
                0x000012f8                curr_log_level_coap
                0x000012fa                curr_log_level_6top
                0x000012fc                curr_log_level_framer
                0x000012fe                curr_log_level_mac
                0x00001300                curr_log_level_nullnet
                0x00001302                curr_log_level_6lowpan
                0x00001304                curr_log_level_ipv6
                0x00001306                curr_log_level_tcpip
                0x00001308                curr_log_level_rpl
 .bss           0x0000130a       0xe2 build/sky/obj/mac-sequence.o
 .bss           0x000013ec      0x110 build/sky/obj/main.o
 .bss           0x000014fc        0x2 build/sky/obj/node-id.o
                0x000014fc                node_id
 .bss           0x000014fe        0x2 build/sky/obj/nullnet.o
 .bss           0x00001500       0x86 build/sky/obj/packetbuf.o
 .bss           0x00001586        0x8 build/sky/obj/platform.o
 .bss           0x0000158e       0xc8 build/sky/obj/process.o
                0x0000158e                process_current
                0x00001590                process_list
 .bss           0x00001656      0x570 build/sky/obj/queuebuf.o
 .bss           0x00001bc6        0x2 build/sky/obj/rtimer.o
 .bss           0x00001bc8        0x6 build/sky/obj/sensors.o
 .bss           0x00001bce      0x10a build/sky/obj/serial-line.o
 .bss           0x00001cd8        0xe build/sky/obj/stack-check.o
 .bss           0x00001ce6       0x9a build/sky/obj/uart1.o
 .bss           0x00001d80        0x2 build/sky/obj/watchdog.o
 *(SORT(.near.bss) SORT(.near.bss.*))
 *(SORT(COMMON))
 COMMON         0x00001d82        0xc build/sky/obj/cc2420.o
                0x00001d82                cc2420_last_rssi
                0x00001d84                cc2420_sfd_start_time
                0x00001d86                cc2420_last_correlation
                0x00001d88                cc2420_authority_level_of_sender
                0x00001d8a                cc2420_sfd_counter
                0x00001d8c                cc2420_sfd_end_time
 COMMON         0x00001d8e       0x38 build/sky/obj/energest.o
                0x00001d8e                energest_total_time
                0x00001db6                energest_current_mode
                0x00001dbc                energest_current_time
 COMMON         0x00001dc6        0x8 build/sky/obj/linkaddr.o
                0x00001dc6                linkaddr_node_addr
 COMMON         0x00001dce        0x2 build/sky/obj/msp430.o
                0x00001dce                msp430_dco_required
 COMMON         0x00001dd0        0x4 build/sky/obj/nullnet.o
                0x00001dd0                nullnet_buf
                0x00001dd2                nullnet_len
 COMMON         0x00001dd4       0x28 build/sky/obj/packetbuf.o
                0x00001dd4                packetbuf_addrs
                0x00001de4                packetbuf_attrs
 COMMON         0x00001dfc        0x2 build/sky/obj/contiki-sky-platform.o
                0x00001dfc                sensors_flags
 COMMON         0x00001dfe        0x8 build/sky/obj/ds2411.o
                0x00001dfe                ds2411_id
 COMMON         0x00001e06        0x4 build/sky/obj/main.o
                0x00001e06                exp_done
                0x00001e07                relay_acknowledgement
                0x00001e08                MESSAGE_HANDLED
                0x00001e09                acknowledgement
 COMMON         0x00001e0a        0x1 build/sky/obj/sensors.o
                0x00001e0a                sensors_event
 COMMON         0x00001e0b        0x1 build/sky/obj/serial-line.o
                0x00001e0b                serial_line_event_message
                0x00001e0c                . = ALIGN (0x2)
                0x00001e0c                __bss_end = .
                0x00000c00                __bss_size = SIZEOF (.bss)

.noinit         0x00001e0c        0x2 load address 0x000093be
                0x00001e0c                . = ALIGN (0x2)
                0x00001e0c                __noinit_start = .
 *(SORT(.noinit) SORT(.noinit.*))
 .noinit.crt0   0x00001e0c        0x2 /usr/local/bin/../lib/gcc/msp430/4.7.2/mmpy-16/libcrt0.a(__watchdog_support.o)
                0x00001e0c                __wdt_clear_value
                0x00001e0e                . = ALIGN (0x2)
                0x00001e0e                __noinit_end = .
                0x00001e0e                . = ALIGN (0x2)
                0x00001e0e                _end = .

.infomem        0x00001000        0x0
                0x00001000                . = ALIGN (0x2)
 *(SORT(.infomem) SORT(.infomem.*))

.infomemnobits  0x00001000        0x0
                0x00001000                . = ALIGN (0x2)
 *(SORT(.infomemnobits) SORT(.infomemnobits.*))

.infoa          0x00001080        0x0
                0x00001080                . = ALIGN (0x2)
 *(SORT(.infoa) SORT(.infoa.*))

.infob          0x00001000        0x0
                0x00001000                . = ALIGN (0x2)
 *(SORT(.infob) SORT(.infob.*))

.infoc          0x00000000        0x0
                0x00000000                . = ALIGN (0x2)
 *(SORT(.infoc) SORT(.infoc.*))

.infod          0x00000000        0x0
                0x00000000                . = ALIGN (0x2)
 *(SORT(.infod) SORT(.infod.*))
                0x0000ffff                PROVIDE (__vte_0, 0xffff)
                0x0000ffff                PROVIDE (__vte_1, 0xffff)
                0x0000ffff                PROVIDE (__vte_2, 0xffff)
                0x0000ffff                PROVIDE (__vte_3, 0xffff)
                0x0000ffff                PROVIDE (__vte_4, 0xffff)
                0x0000ffff                PROVIDE (__vte_5, 0xffff)
                0x0000ffff                PROVIDE (__vte_6, 0xffff)
                0x0000ffff                PROVIDE (__vte_7, 0xffff)
                0x0000ffff                PROVIDE (__vte_8, 0xffff)
                0x0000ffff                PROVIDE (__vte_9, 0xffff)
                0x0000ffff                PROVIDE (__vte_10, 0xffff)
                0x0000ffff                PROVIDE (__vte_11, 0xffff)
                0x0000ffff                PROVIDE (__vte_12, 0xffff)
                0x0000ffff                PROVIDE (__vte_13, 0xffff)
                0x0000ffff                PROVIDE (__vte_14, 0xffff)
                0x0000ffff                PROVIDE (__vte_15, 0xffff)
                0x0000ffff                PROVIDE (__vte_16, 0xffff)
                0x0000ffff                PROVIDE (__vte_17, 0xffff)
                0x0000ffff                PROVIDE (__vte_18, 0xffff)
                0x0000ffff                PROVIDE (__vte_19, 0xffff)
                0x0000ffff                PROVIDE (__vte_20, 0xffff)
                0x0000ffff                PROVIDE (__vte_21, 0xffff)
                0x0000ffff                PROVIDE (__vte_22, 0xffff)
                0x0000ffff                PROVIDE (__vte_23, 0xffff)
                0x0000ffff                PROVIDE (__vte_24, 0xffff)
                0x0000ffff                PROVIDE (__vte_25, 0xffff)
                0x0000ffff                PROVIDE (__vte_26, 0xffff)
                0x0000ffff                PROVIDE (__vte_27, 0xffff)
                0x0000ffff                PROVIDE (__vte_28, 0xffff)
                0x0000ffff                PROVIDE (__vte_29, 0xffff)
                0x0000ffff                PROVIDE (__vte_30, 0xffff)
                0x0000ffff                PROVIDE (__vte_31, 0xffff)

.vectors        0x0000ffe0       0x20
                0x0000ffe0                __vectors_start = .
 *(SORT(.vectors*))
 .vectors       0x0000ffe0       0x20 /usr/local/bin/../lib/gcc/msp430/4.7.2/mmpy-16/crt0ivtbl16.o
                0x0000ffe0                __ivtbl_16
                0x00010000                _vectors_end = .

.fartext        0x00000000        0x0
                0x00000000                . = ALIGN (0x2)
 *(SORT(.fartext) SORT(.fartext.*))

.far.text       0x00000000        0x0
                0x00000000                . = ALIGN (0x2)
 *(SORT(.far.text) SORT(.far.text.*))

.far.rodata     0x00000000        0x0
                0x00000000                . = ALIGN (0x2)
 *(SORT(.far.rodata) SORT(.far.rodata.*))
                0x00000000                . = ALIGN (0x2)
                0x00000000                _efartext = .

.far.data       0x00000000        0x0
                0x00000000                . = ALIGN (0x2)
                0x00000000                __far_data_start = .
 *(SORT(.far.data) SORT(.far.data.*))
                0x00000000                . = ALIGN (0x2)
                0x00000000                _efardata = .
                0x00000000                __far_data_load_start = LOADADDR (.far.data)
                0x00000000                __far_data_size = SIZEOF (.far.data)

.far.bss        0x00000000        0x0
                0x00000000                . = ALIGN (0x2)
                0x00000000                __far_bss_start = .
 *(SORT(.far.bss) SORT(.far.bss.*))
                0x00000000                . = ALIGN (0x2)
                0x00000000                __far_bss_end = .
                0x00000000                __far_bss_size = SIZEOF (.far.bss)
                0x00000000                . = ALIGN (0x2)
                0x00000000                _far_end = .

.profiler
 *(SORT(.profiler))

.stab
 *(SORT(.stab))

.stabstr
 *(SORT(.stabstr))

.stab.excl
 *(SORT(.stab.excl))

.stab.exclstr
 *(SORT(.stab.exclstr))

.stab.index
 *(SORT(.stab.index))

.stab.indexstr
 *(SORT(.stab.indexstr))

.comment        0x00000000       0x30
 *(SORT(.comment))
 .comment       0x00000000       0x30 build/sky/obj/autostart.o
                                 0x31 (size before relaxing)
 .comment       0x00000000       0x31 build/sky/obj/button-sensor.o
 .comment       0x00000000       0x31 build/sky/obj/cc2420-arch-sfd.o
 .comment       0x00000000       0x31 build/sky/obj/cc2420-arch.o
 .comment       0x00000000       0x31 build/sky/obj/cc2420.o
 .comment       0x00000000       0x31 build/sky/obj/clock.o
 .comment       0x00000000       0x31 build/sky/obj/contiki-main.o
 .comment       0x00000000       0x31 build/sky/obj/contiki-sky-platform.o
 .comment       0x00000000       0x31 build/sky/obj/csma-output.o
 .comment       0x00000000       0x31 build/sky/obj/csma-security.o
 .comment       0x00000000       0x31 build/sky/obj/csma.o
 .comment       0x00000000       0x31 build/sky/obj/ctimer.o
 .comment       0x00000000       0x31 build/sky/obj/ds2411.o
 .comment       0x00000000       0x31 build/sky/obj/energest.o
 .comment       0x00000000       0x31 build/sky/obj/etimer.o
 .comment       0x00000000       0x31 build/sky/obj/frame802154.o
 .comment       0x00000000       0x31 build/sky/obj/framer-802154.o
 .comment       0x00000000       0x31 build/sky/obj/leds-arch.o
 .comment       0x00000000       0x31 build/sky/obj/leds.o
 .comment       0x00000000       0x31 build/sky/obj/linkaddr.o
 .comment       0x00000000       0x31 build/sky/obj/list.o
 .comment       0x00000000       0x31 build/sky/obj/log.o
 .comment       0x00000000       0x31 build/sky/obj/mac-sequence.o
 .comment       0x00000000       0x31 build/sky/obj/mac.o
 .comment       0x00000000       0x31 build/sky/obj/main.o
 .comment       0x00000000       0x31 build/sky/obj/memb.o
 .comment       0x00000000       0x31 build/sky/obj/msp430.o
 .comment       0x00000000       0x31 build/sky/obj/netstack.o
 .comment       0x00000000       0x31 build/sky/obj/node-id.o
 .comment       0x00000000       0x31 build/sky/obj/nullnet.o
 .comment       0x00000000       0x31 build/sky/obj/nullrouting.o
 .comment       0x00000000       0x31 build/sky/obj/packetbuf.o
 .comment       0x00000000       0x31 build/sky/obj/platform.o
 .comment       0x00000000       0x31 build/sky/obj/process.o
 .comment       0x00000000       0x31 build/sky/obj/queuebuf.o
 .comment       0x00000000       0x31 build/sky/obj/random.o
 .comment       0x00000000       0x31 build/sky/obj/ringbuf.o
 .comment       0x00000000       0x31 build/sky/obj/rtimer-arch.o
 .comment       0x00000000       0x31 build/sky/obj/rtimer.o
 .comment       0x00000000       0x31 build/sky/obj/sensors.o
 .comment       0x00000000       0x31 build/sky/obj/serial-line.o
 .comment       0x00000000       0x31 build/sky/obj/spi-legacy.o
 .comment       0x00000000       0x31 build/sky/obj/stack-check.o
 .comment       0x00000000       0x31 build/sky/obj/timer.o
 .comment       0x00000000       0x31 build/sky/obj/uart1-putchar.o
 .comment       0x00000000       0x31 build/sky/obj/uart1.o
 .comment       0x00000000       0x31 build/sky/obj/watchdog.o
 .comment       0x00000000       0x31 build/sky/obj/xmem.o
 .comment       0x00000000       0x31 /usr/local/bin/../lib/gcc/msp430/4.7.2/../../../../msp430/lib/mmpy-16/libc.a(printf.o)
 .comment       0x00000000       0x31 /usr/local/bin/../lib/gcc/msp430/4.7.2/../../../../msp430/lib/mmpy-16/libc.a(vuprintf.o)
 .comment       0x00000000       0x31 /usr/local/bin/../lib/gcc/msp430/4.7.2/../../../../msp430/lib/mmpy-16/libc.a(puts.o)
 .comment       0x00000000       0x31 /usr/local/bin/../lib/gcc/msp430/4.7.2/../../../../msp430/lib/mmpy-16/libc.a(rand.o)
 .comment       0x00000000       0x31 /usr/local/bin/../lib/gcc/msp430/4.7.2/../../../../msp430/lib/mmpy-16/libc.a(memcmp.o)
 .comment       0x00000000       0x31 /usr/local/bin/../lib/gcc/msp430/4.7.2/../../../../msp430/lib/mmpy-16/libc.a(memcpy.o)
 .comment       0x00000000       0x31 /usr/local/bin/../lib/gcc/msp430/4.7.2/../../../../msp430/lib/mmpy-16/libc.a(memset.o)

.debug
 *(SORT(.debug))

.line
 *(SORT(.line))

.debug_srcinfo
 *(SORT(.debug_srcinfo))

.debug_sfnames
 *(SORT(.debug_sfnames))

.debug_aranges  0x00000000      0x18c
 *(SORT(.debug_aranges))
 .debug_aranges
                0x00000000       0x14 /usr/local/bin/../lib/gcc/msp430/4.7.2/mmpy-16/crt0ivtbl16.o
 .debug_aranges
                0x00000014       0x14 /usr/local/bin/../lib/gcc/msp430/4.7.2/mmpy-16/libgcc.a(_mulsi3.o)
 .debug_aranges
                0x00000028       0x14 /usr/local/bin/../lib/gcc/msp430/4.7.2/mmpy-16/libgcc.a(_udivmod16.o)
 .debug_aranges
                0x0000003c       0x14 /usr/local/bin/../lib/gcc/msp430/4.7.2/mmpy-16/libgcc.a(_divmod16.o)
 .debug_aranges
                0x00000050       0x14 /usr/local/bin/../lib/gcc/msp430/4.7.2/mmpy-16/libgcc.a(_udivmod32.o)
 .debug_aranges
                0x00000064       0x14 /usr/local/bin/../lib/gcc/msp430/4.7.2/mmpy-16/libgcc.a(_udivmod64.o)
 .debug_aranges
                0x00000078       0x14 /usr/local/bin/../lib/gcc/msp430/4.7.2/mmpy-16/libcrt0.a(__watchdog_support.o)
 .debug_aranges
                0x0000008c       0x14 /usr/local/bin/../lib/gcc/msp430/4.7.2/mmpy-16/libcrt0.a(__init_stack.o)
 .debug_aranges
                0x000000a0       0x14 /usr/local/bin/../lib/gcc/msp430/4.7.2/mmpy-16/libcrt0.a(_copy_data.o)
 .debug_aranges
                0x000000b4       0x14 /usr/local/bin/../lib/gcc/msp430/4.7.2/mmpy-16/libcrt0.a(_clear_bss.o)
 .debug_aranges
                0x000000c8       0x14 /usr/local/bin/../lib/gcc/msp430/4.7.2/mmpy-16/libcrt0.a(_endless_loop__.o)
 .debug_aranges
                0x000000dc       0x14 /usr/local/bin/../lib/gcc/msp430/4.7.2/mmpy-16/libcrt0.a(_unexpected_.o)
 .debug_aranges
                0x000000f0       0x18 /usr/local/bin/../lib/gcc/msp430/4.7.2/../../../../msp430/lib/mmpy-16/libc.a(printf.o)
 .debug_aranges
                0x00000108       0x18 /usr/local/bin/../lib/gcc/msp430/4.7.2/../../../../msp430/lib/mmpy-16/libc.a(vuprintf.o)
 .debug_aranges
                0x00000120       0x14 /usr/local/bin/../lib/gcc/msp430/4.7.2/../../../../msp430/lib/mmpy-16/libc.a(puts.o)
 .debug_aranges
                0x00000134       0x1c /usr/local/bin/../lib/gcc/msp430/4.7.2/../../../../msp430/lib/mmpy-16/libc.a(rand.o)
 .debug_aranges
                0x00000150       0x14 /usr/local/bin/../lib/gcc/msp430/4.7.2/../../../../msp430/lib/mmpy-16/libc.a(memcmp.o)
 .debug_aranges
                0x00000164       0x14 /usr/local/bin/../lib/gcc/msp430/4.7.2/../../../../msp430/lib/mmpy-16/libc.a(memcpy.o)
 .debug_aranges
                0x00000178       0x14 /usr/local/bin/../lib/gcc/msp430/4.7.2/../../../../msp430/lib/mmpy-16/libc.a(memset.o)

.debug_pubnames
 *(SORT(.debug_pubnames))

.debug_info     0x00000000     0x12fe
 *(SORT(.debug_info))
 .debug_info    0x00000000       0x8f /usr/local/bin/../lib/gcc/msp430/4.7.2/mmpy-16/crt0ivtbl16.o
 .debug_info    0x0000008f       0x8c /usr/local/bin/../lib/gcc/msp430/4.7.2/mmpy-16/libgcc.a(_mulsi3.o)
 .debug_info    0x0000011b       0x8c /usr/local/bin/../lib/gcc/msp430/4.7.2/mmpy-16/libgcc.a(_udivmod16.o)
 .debug_info    0x000001a7       0x8c /usr/local/bin/../lib/gcc/msp430/4.7.2/mmpy-16/libgcc.a(_divmod16.o)
 .debug_info    0x00000233       0x8c /usr/local/bin/../lib/gcc/msp430/4.7.2/mmpy-16/libgcc.a(_udivmod32.o)
 .debug_info    0x000002bf      0x16e /usr/local/bin/../lib/gcc/msp430/4.7.2/../../../../msp430/lib/mmpy-16/libc.a(printf.o)
 .debug_info    0x0000042d      0x5d4 /usr/local/bin/../lib/gcc/msp430/4.7.2/../../../../msp430/lib/mmpy-16/libc.a(vuprintf.o)
 .debug_info    0x00000a01       0xc7 /usr/local/bin/../lib/gcc/msp430/4.7.2/../../../../msp430/lib/mmpy-16/libc.a(puts.o)
 .debug_info    0x00000ac8      0x146 /usr/local/bin/../lib/gcc/msp430/4.7.2/../../../../msp430/lib/mmpy-16/libc.a(rand.o)
 .debug_info    0x00000c0e       0xe5 /usr/local/bin/../lib/gcc/msp430/4.7.2/../../../../msp430/lib/mmpy-16/libc.a(memcmp.o)
 .debug_info    0x00000cf3      0x12c /usr/local/bin/../lib/gcc/msp430/4.7.2/../../../../msp430/lib/mmpy-16/libc.a(memcpy.o)
 .debug_info    0x00000e1f      0x117 /usr/local/bin/../lib/gcc/msp430/4.7.2/../../../../msp430/lib/mmpy-16/libc.a(memset.o)
 .debug_info    0x00000f36       0x8c /usr/local/bin/../lib/gcc/msp430/4.7.2/mmpy-16/libgcc.a(_udivmod64.o)
 .debug_info    0x00000fc2       0x8a /usr/local/bin/../lib/gcc/msp430/4.7.2/mmpy-16/libcrt0.a(__watchdog_support.o)
 .debug_info    0x0000104c       0x8a /usr/local/bin/../lib/gcc/msp430/4.7.2/mmpy-16/libcrt0.a(__init_stack.o)
 .debug_info    0x000010d6       0x8a /usr/local/bin/../lib/gcc/msp430/4.7.2/mmpy-16/libcrt0.a(_copy_data.o)
 .debug_info    0x00001160       0x8a /usr/local/bin/../lib/gcc/msp430/4.7.2/mmpy-16/libcrt0.a(_clear_bss.o)
 .debug_info    0x000011ea       0x8a /usr/local/bin/../lib/gcc/msp430/4.7.2/mmpy-16/libcrt0.a(_endless_loop__.o)
 .debug_info    0x00001274       0x8a /usr/local/bin/../lib/gcc/msp430/4.7.2/mmpy-16/libcrt0.a(_unexpected_.o)
 *(SORT(.gnu.linkonce.wi.*))

.debug_abbrev   0x00000000      0x7b0
 *(SORT(.debug_abbrev))
 .debug_abbrev  0x00000000       0x14 /usr/local/bin/../lib/gcc/msp430/4.7.2/mmpy-16/crt0ivtbl16.o
 .debug_abbrev  0x00000014       0x14 /usr/local/bin/../lib/gcc/msp430/4.7.2/mmpy-16/libgcc.a(_mulsi3.o)
 .debug_abbrev  0x00000028       0x14 /usr/local/bin/../lib/gcc/msp430/4.7.2/mmpy-16/libgcc.a(_udivmod16.o)
 .debug_abbrev  0x0000003c       0x14 /usr/local/bin/../lib/gcc/msp430/4.7.2/mmpy-16/libgcc.a(_divmod16.o)
 .debug_abbrev  0x00000050       0x14 /usr/local/bin/../lib/gcc/msp430/4.7.2/mmpy-16/libgcc.a(_udivmod32.o)
 .debug_abbrev  0x00000064       0xfa /usr/local/bin/../lib/gcc/msp430/4.7.2/../../../../msp430/lib/mmpy-16/libc.a(printf.o)
 .debug_abbrev  0x0000015e      0x23e /usr/local/bin/../lib/gcc/msp430/4.7.2/../../../../msp430/lib/mmpy-16/libc.a(vuprintf.o)
 .debug_abbrev  0x0000039c       0xa3 /usr/local/bin/../lib/gcc/msp430/4.7.2/../../../../msp430/lib/mmpy-16/libc.a(puts.o)
 .debug_abbrev  0x0000043f       0xfb /usr/local/bin/../lib/gcc/msp430/4.7.2/../../../../msp430/lib/mmpy-16/libc.a(rand.o)
 .debug_abbrev  0x0000053a       0x9e /usr/local/bin/../lib/gcc/msp430/4.7.2/../../../../msp430/lib/mmpy-16/libc.a(memcmp.o)
 .debug_abbrev  0x000005d8       0xab /usr/local/bin/../lib/gcc/msp430/4.7.2/../../../../msp430/lib/mmpy-16/libc.a(memcpy.o)
 .debug_abbrev  0x00000683       0xa1 /usr/local/bin/../lib/gcc/msp430/4.7.2/../../../../msp430/lib/mmpy-16/libc.a(memset.o)
 .debug_abbrev  0x00000724       0x14 /usr/local/bin/../lib/gcc/msp430/4.7.2/mmpy-16/libgcc.a(_udivmod64.o)
 .debug_abbrev  0x00000738       0x14 /usr/local/bin/../lib/gcc/msp430/4.7.2/mmpy-16/libcrt0.a(__watchdog_support.o)
 .debug_abbrev  0x0000074c       0x14 /usr/local/bin/../lib/gcc/msp430/4.7.2/mmpy-16/libcrt0.a(__init_stack.o)
 .debug_abbrev  0x00000760       0x14 /usr/local/bin/../lib/gcc/msp430/4.7.2/mmpy-16/libcrt0.a(_copy_data.o)
 .debug_abbrev  0x00000774       0x14 /usr/local/bin/../lib/gcc/msp430/4.7.2/mmpy-16/libcrt0.a(_clear_bss.o)
 .debug_abbrev  0x00000788       0x14 /usr/local/bin/../lib/gcc/msp430/4.7.2/mmpy-16/libcrt0.a(_endless_loop__.o)
 .debug_abbrev  0x0000079c       0x14 /usr/local/bin/../lib/gcc/msp430/4.7.2/mmpy-16/libcrt0.a(_unexpected_.o)

.debug_line     0x00000000      0xc76
 *(SORT(.debug_line))
 .debug_line    0x00000000       0x64 /usr/local/bin/../lib/gcc/msp430/4.7.2/mmpy-16/crt0ivtbl16.o
 .debug_line    0x00000064       0x77 /usr/local/bin/../lib/gcc/msp430/4.7.2/mmpy-16/libgcc.a(_mulsi3.o)
 .debug_line    0x000000db       0x70 /usr/local/bin/../lib/gcc/msp430/4.7.2/mmpy-16/libgcc.a(_udivmod16.o)
 .debug_line    0x0000014b       0x7b /usr/local/bin/../lib/gcc/msp430/4.7.2/mmpy-16/libgcc.a(_divmod16.o)
 .debug_line    0x000001c6       0x7f /usr/local/bin/../lib/gcc/msp430/4.7.2/mmpy-16/libgcc.a(_udivmod32.o)
 .debug_line    0x00000245       0xa9 /usr/local/bin/../lib/gcc/msp430/4.7.2/../../../../msp430/lib/mmpy-16/libc.a(printf.o)
 .debug_line    0x000002ee      0x30a /usr/local/bin/../lib/gcc/msp430/4.7.2/../../../../msp430/lib/mmpy-16/libc.a(vuprintf.o)
 .debug_line    0x000005f8       0x65 /usr/local/bin/../lib/gcc/msp430/4.7.2/../../../../msp430/lib/mmpy-16/libc.a(puts.o)
 .debug_line    0x0000065d       0x68 /usr/local/bin/../lib/gcc/msp430/4.7.2/../../../../msp430/lib/mmpy-16/libc.a(rand.o)
 .debug_line    0x000006c5       0x8f /usr/local/bin/../lib/gcc/msp430/4.7.2/../../../../msp430/lib/mmpy-16/libc.a(memcmp.o)
 .debug_line    0x00000754      0x118 /usr/local/bin/../lib/gcc/msp430/4.7.2/../../../../msp430/lib/mmpy-16/libc.a(memcpy.o)
 .debug_line    0x0000086c       0xf2 /usr/local/bin/../lib/gcc/msp430/4.7.2/../../../../msp430/lib/mmpy-16/libc.a(memset.o)
 .debug_line    0x0000095e       0xc9 /usr/local/bin/../lib/gcc/msp430/4.7.2/mmpy-16/libgcc.a(_udivmod64.o)
 .debug_line    0x00000a27       0x62 /usr/local/bin/../lib/gcc/msp430/4.7.2/mmpy-16/libcrt0.a(__watchdog_support.o)
 .debug_line    0x00000a89       0x60 /usr/local/bin/../lib/gcc/msp430/4.7.2/mmpy-16/libcrt0.a(__init_stack.o)
 .debug_line    0x00000ae9       0x66 /usr/local/bin/../lib/gcc/msp430/4.7.2/mmpy-16/libcrt0.a(_copy_data.o)
 .debug_line    0x00000b4f       0x66 /usr/local/bin/../lib/gcc/msp430/4.7.2/mmpy-16/libcrt0.a(_clear_bss.o)
 .debug_line    0x00000bb5       0x61 /usr/local/bin/../lib/gcc/msp430/4.7.2/mmpy-16/libcrt0.a(_endless_loop__.o)
 .debug_line    0x00000c16       0x60 /usr/local/bin/../lib/gcc/msp430/4.7.2/mmpy-16/libcrt0.a(_unexpected_.o)

.debug_frame    0x00000000      0x1b6
 *(SORT(.debug_frame))
 .debug_frame   0x00000000       0x2a /usr/local/bin/../lib/gcc/msp430/4.7.2/../../../../msp430/lib/mmpy-16/libc.a(printf.o)
 .debug_frame   0x0000002a       0xa0 /usr/local/bin/../lib/gcc/msp430/4.7.2/../../../../msp430/lib/mmpy-16/libc.a(vuprintf.o)
 .debug_frame   0x000000ca       0x24 /usr/local/bin/../lib/gcc/msp430/4.7.2/../../../../msp430/lib/mmpy-16/libc.a(puts.o)
 .debug_frame   0x000000ee       0x3c /usr/local/bin/../lib/gcc/msp430/4.7.2/../../../../msp430/lib/mmpy-16/libc.a(rand.o)
 .debug_frame   0x0000012a       0x28 /usr/local/bin/../lib/gcc/msp430/4.7.2/../../../../msp430/lib/mmpy-16/libc.a(memcmp.o)
 .debug_frame   0x00000152       0x32 /usr/local/bin/../lib/gcc/msp430/4.7.2/../../../../msp430/lib/mmpy-16/libc.a(memcpy.o)
 .debug_frame   0x00000184       0x32 /usr/local/bin/../lib/gcc/msp430/4.7.2/../../../../msp430/lib/mmpy-16/libc.a(memset.o)

.debug_str      0x00000000      0x3ca
 *(SORT(.debug_str))
 .debug_str     0x00000000       0xe2 /usr/local/bin/../lib/gcc/msp430/4.7.2/../../../../msp430/lib/mmpy-16/libc.a(printf.o)
                                0x12a (size before relaxing)
 .debug_str     0x000000e2      0x218 /usr/local/bin/../lib/gcc/msp430/4.7.2/../../../../msp430/lib/mmpy-16/libc.a(vuprintf.o)
                                0x375 (size before relaxing)
 .debug_str     0x000002fa       0x1d /usr/local/bin/../lib/gcc/msp430/4.7.2/../../../../msp430/lib/mmpy-16/libc.a(puts.o)
                                 0xef (size before relaxing)
 .debug_str     0x00000317       0x2f /usr/local/bin/../lib/gcc/msp430/4.7.2/../../../../msp430/lib/mmpy-16/libc.a(rand.o)
                                0x106 (size before relaxing)
 .debug_str     0x00000346       0x20 /usr/local/bin/../lib/gcc/msp430/4.7.2/../../../../msp430/lib/mmpy-16/libc.a(memcmp.o)
                                 0xf2 (size before relaxing)
 .debug_str     0x00000366       0x3e /usr/local/bin/../lib/gcc/msp430/4.7.2/../../../../msp430/lib/mmpy-16/libc.a(memcpy.o)
                                0x120 (size before relaxing)
 .debug_str     0x000003a4       0x26 /usr/local/bin/../lib/gcc/msp430/4.7.2/../../../../msp430/lib/mmpy-16/libc.a(memset.o)
                                0x11e (size before relaxing)

.debug_loc      0x00000000      0xbe1
 *(SORT(.debug_loc))
 .debug_loc     0x00000000       0x4c /usr/local/bin/../lib/gcc/msp430/4.7.2/../../../../msp430/lib/mmpy-16/libc.a(printf.o)
 .debug_loc     0x0000004c      0x80f /usr/local/bin/../lib/gcc/msp430/4.7.2/../../../../msp430/lib/mmpy-16/libc.a(vuprintf.o)
 .debug_loc     0x0000085b       0x26 /usr/local/bin/../lib/gcc/msp430/4.7.2/../../../../msp430/lib/mmpy-16/libc.a(puts.o)
 .debug_loc     0x00000881       0x4f /usr/local/bin/../lib/gcc/msp430/4.7.2/../../../../msp430/lib/mmpy-16/libc.a(rand.o)
 .debug_loc     0x000008d0       0x4d /usr/local/bin/../lib/gcc/msp430/4.7.2/../../../../msp430/lib/mmpy-16/libc.a(memcmp.o)
 .debug_loc     0x0000091d      0x1e3 /usr/local/bin/../lib/gcc/msp430/4.7.2/../../../../msp430/lib/mmpy-16/libc.a(memcpy.o)
 .debug_loc     0x00000b00       0xe1 /usr/local/bin/../lib/gcc/msp430/4.7.2/../../../../msp430/lib/mmpy-16/libc.a(memset.o)

.debug_macinfo
 *(SORT(.debug_macinfo))

.debug_pubtypes
 *(SORT(.debug_pubtypes))

.debug_ranges   0x00000000       0x60
 *(SORT(.debug_ranges))
 .debug_ranges  0x00000000        0xc /usr/local/bin/../lib/gcc/msp430/4.7.2/../../../../msp430/lib/mmpy-16/libc.a(printf.o)
 .debug_ranges  0x0000000c       0x24 /usr/local/bin/../lib/gcc/msp430/4.7.2/../../../../msp430/lib/mmpy-16/libc.a(vuprintf.o)
 .debug_ranges  0x00000030        0x8 /usr/local/bin/../lib/gcc/msp430/4.7.2/../../../../msp430/lib/mmpy-16/libc.a(puts.o)
 .debug_ranges  0x00000038       0x10 /usr/local/bin/../lib/gcc/msp430/4.7.2/../../../../msp430/lib/mmpy-16/libc.a(rand.o)
 .debug_ranges  0x00000048        0x8 /usr/local/bin/../lib/gcc/msp430/4.7.2/../../../../msp430/lib/mmpy-16/libc.a(memcmp.o)
 .debug_ranges  0x00000050        0x8 /usr/local/bin/../lib/gcc/msp430/4.7.2/../../../../msp430/lib/mmpy-16/libc.a(memcpy.o)
 .debug_ranges  0x00000058        0x8 /usr/local/bin/../lib/gcc/msp430/4.7.2/../../../../msp430/lib/mmpy-16/libc.a(memset.o)
                0x00003900                PROVIDE (__stack, (ORIGIN (ram) + 0x2800))
                0x000092b2                __data_start_rom = _etext
                0x000093be                __data_end_rom = (_etext + SIZEOF (.data))
OUTPUT(build/sky/main.sky elf32-msp430)
